
Allocating common symbols
Common symbol       size              file

netbufpool          0x4               binaries/net.o
readylist           0x2               binaries/ready.o
rfltab              0x5a0             binaries/rflinit.o
sleepq              0x2               binaries/clkinit.o
nnames              0x4               binaries/naminit.o
udptab              0x168             binaries/udp.o
minheap             0x4               binaries/meminit.o
marks               0x50              binaries/mark.o
currpid             0x4               binaries/initialize.o
Lf_data             0x20c             binaries/lfsinit.o
porttab             0x2d0             binaries/ptinit.o
girmask             0x2               binaries/evec.o
ttytab              0x10c             binaries/ttyinit.o
proctab             0xcb20            binaries/initialize.o
prcount             0x4               binaries/initialize.o
lfltab              0xf00             binaries/lflinit.o
rdstab              0x8c              binaries/rdsinit.o
ethertab            0x138             binaries/ethinit.o
NetData             0xa8              binaries/net.o
nmarks              0x4               binaries/mark.o
Defer               0x8               binaries/resched.o
semtab              0x4b0             binaries/initialize.o
maxheap             0x4               binaries/meminit.o
preempt             0x4               binaries/clkinit.o
buftab              0xf0              binaries/bufinit.o
Rf_data             0x18              binaries/rfsinit.o
mkmutex             0x4               binaries/mark.o
clktime             0x4               binaries/clkinit.o
arpcache            0x140             binaries/arp.o
icmptab             0x230             binaries/icmp.o
nbpools             0x4               binaries/bufinit.o
queuetab            0xfc0             binaries/queue.o
ptnextid            0x4               binaries/ptinit.o
Ram                 0x19000           binaries/raminit.o
ipoqueue            0x2c              binaries/ip.o
memlist             0x8               binaries/initialize.o
nametab             0x19a0            binaries/naminit.o
ptfree              0x4               binaries/ptinit.o

Memory Configuration

Name             Origin             Length             Attributes
*default*        0x0000000000000000 0xffffffffffffffff

Linker script and memory map

                0x0000000000100000                physbase = 0x100000
                0x0000000000100000                . = physbase
                0x0000000000100000                . = ALIGN (0x1000)

.text           0x0000000000100000    0x15000
                0x0000000000100000                text = ABSOLUTE (.)
 *(.text .text.*)
 .text          0x0000000000100000      0x1a8 binaries/start.o
                0x0000000000100024                start
                0x00000000001000f6                inb
                0x00000000001000fe                inw
                0x0000000000100107                inl
                0x000000000010010f                outb
                0x0000000000100119                outw
                0x0000000000100124                outl
                0x000000000010012e                _rtcin
                0x0000000000100139                ___udivsi3
                0x0000000000100144                ___divsi3
                0x0000000000100150                sbzero
                0x0000000000100160                bcopy
                0x0000000000100174                insw
                0x000000000010018a                outsw
                0x00000000001001a0                lidt
 .text          0x00000000001001a8       0x51 binaries/addmem.o
                0x00000000001001a8                addmem
 .text          0x00000000001001f9      0x2d5 binaries/ascdate.o
                0x00000000001001f9                ascdate
 .text          0x00000000001004ce       0x10 binaries/bufinit.o
                0x00000000001004ce                bufinit
 .text          0x00000000001004de       0x5c binaries/cbhandler.o
                0x00000000001004de                cbhandler
 .text          0x000000000010053a        0x9 binaries/child.o
                0x000000000010053a                child
 .text          0x0000000000100543        0x6 binaries/childcb.o
                0x0000000000100543                childcb
 .text          0x0000000000100549       0x65 binaries/childwait.o
                0x0000000000100549                childwait
 .text          0x00000000001005ae       0x62 binaries/chprio.o
                0x00000000001005ae                chprio
 .text          0x0000000000100610       0x73 binaries/clkhandler.o
                0x0000000000100610                clkhandler
 .text          0x0000000000100683       0x59 binaries/clkinit.o
                0x0000000000100683                clkinit
 .text          0x00000000001006dc       0x56 binaries/close.o
                0x00000000001006dc                close
 .text          0x0000000000100732        0x0 binaries/conf.o
 .text          0x0000000000100732       0x5f binaries/control.o
                0x0000000000100732                control
 .text          0x0000000000100791      0x272 binaries/create.o
                0x0000000000100791                create
 .text          0x0000000000100a03      0x205 binaries/early_imr.o
                0x0000000000100a03                intel_cln_early_sb_read_reg
                0x0000000000100a5b                intel_cln_early_sb_write_reg
                0x0000000000100b0a                remove_irm_protections
 .text          0x0000000000100c08      0x2d6 binaries/evec.o
                0x0000000000100c08                setirmask
                0x0000000000100c3c                set_evec
                0x0000000000100c98                initevec
                0x0000000000100d67                trap
 .text          0x0000000000100ede       0x78 binaries/freebuf.o
                0x0000000000100ede                freebuf
 .text          0x0000000000100f56      0x129 binaries/freemem.o
                0x0000000000100f56                freemem
 .text          0x000000000010107f       0x65 binaries/getbuf.o
                0x000000000010107f                getbuf
 .text          0x00000000001010e4      0x1fe binaries/getcb.o
                0x00000000001010e4                getcbrcv
                0x0000000000101198                getcbchl
                0x000000000010123d                getcbxtm
 .text          0x00000000001012e2       0x56 binaries/getc.o
                0x00000000001012e2                getc
 .text          0x0000000000101338       0x63 binaries/getdev.o
                0x0000000000101338                getdev
 .text          0x000000000010139b       0x2b binaries/getinterrupts.o
                0x000000000010139b                getinterrupts
 .text          0x00000000001013c6       0x77 binaries/getitem.o
                0x00000000001013c6                getitem
                0x00000000001013f2                getfirst
                0x0000000000101415                getlast
 .text          0x000000000010143d       0xd8 binaries/getmem.o
                0x000000000010143d                getmem
 .text          0x0000000000101515        0x6 binaries/getpid.o
                0x0000000000101515                getpid
 .text          0x000000000010151b       0x56 binaries/getprio.o
                0x000000000010151b                getprio
 .text          0x0000000000101571       0x2b binaries/getsigqueue.o
                0x0000000000101571                getsigqueue
 .text          0x000000000010159c       0xa5 binaries/getstk.o
                0x000000000010159c                getstk
 .text          0x0000000000101641       0x34 binaries/gettime.o
                0x0000000000101641                gettime
 .text          0x0000000000101675      0x191 binaries/getutime.o
                0x0000000000101675                getutime
 .text          0x0000000000101806       0x56 binaries/init.o
                0x0000000000101806                init
 .text          0x000000000010185c      0x239 binaries/initialize.o
                0x000000000010185c                nulluser
                0x0000000000101a50                stop
                0x0000000000101a72                delay
 .text          0x0000000000101a95       0x98 binaries/insert.o
                0x0000000000101a95                insert
 .text          0x0000000000101b2d       0xe1 binaries/insertd.o
                0x0000000000101b2d                insertd
 .text          0x0000000000101c0e        0x6 binaries/ioerr.o
                0x0000000000101c0e                ioerr
 .text          0x0000000000101c14        0x6 binaries/ionull.o
                0x0000000000101c14                ionull
 .text          0x0000000000101c1a      0x1d1 binaries/kill.o
                0x0000000000101c1a                kill
 .text          0x0000000000101deb       0xa5 binaries/kprintf.o
                0x0000000000101deb                kputc
                0x0000000000101e1a                console_init
                0x0000000000101e4c                kgetc
                0x0000000000101e6e                kprintf
 .text          0x0000000000101e90       0xc2 binaries/main.o
                0x0000000000101e90                main
 .text          0x0000000000101f52       0x93 binaries/mark.o
                0x0000000000101f52                markinit
                0x0000000000101f6f                mark
 .text          0x0000000000101fe5       0x5a binaries/memclear.o
                0x0000000000101fe5                memclear
 .text          0x000000000010203f      0x1d7 binaries/meminit.o
                0x000000000010203f                meminit
                0x00000000001021a8                setsegs
 .text          0x0000000000102216      0x12a binaries/mkbufpool.o
                0x0000000000102216                mkbufpool
 .text          0x0000000000102340       0x1f binaries/mrecv_cb.o
                0x0000000000102340                mrecv_cb
 .text          0x000000000010235f       0x5e binaries/newqueue.o
                0x000000000010235f                newqueue
 .text          0x00000000001023bd       0x5e binaries/open.o
                0x00000000001023bd                open
 .text          0x000000000010241b       0x1e binaries/panic.o
                0x000000000010241b                panic
 .text          0x0000000000102439       0xc4 binaries/parent.o
                0x0000000000102439                parent
 .text          0x00000000001024fd      0x27c binaries/pci.o
                0x00000000001024fd                pci_init
                0x0000000000102503                find_pci_device
                0x00000000001025c1                pci_read_config_byte
                0x00000000001025fe                pci_read_config_word
                0x000000000010263d                pci_read_config_dword
                0x000000000010267a                pci_write_config_byte
                0x00000000001026b5                pci_write_config_word
                0x00000000001026f1                pci_write_config_dword
                0x000000000010272c                pci_get_dev_mmio_base_addr
 .text          0x0000000000102779       0x4f binaries/platinit.o
                0x0000000000102779                platinit
 .text          0x00000000001027c8       0xa3 binaries/ptclear.o
                0x00000000001027c8                _ptclear
 .text          0x000000000010286b       0x7c binaries/ptcount.o
                0x000000000010286b                ptcount
 .text          0x00000000001028e7       0xeb binaries/ptcreate.o
                0x00000000001028e7                ptcreate
 .text          0x00000000001029d2       0x64 binaries/ptdelete.o
                0x00000000001029d2                ptdelete
 .text          0x0000000000102a36       0x88 binaries/ptinit.o
                0x0000000000102a36                ptinit
 .text          0x0000000000102abe       0xec binaries/ptrecv.o
                0x0000000000102abe                ptrecv
 .text          0x0000000000102baa       0x67 binaries/ptreset.o
                0x0000000000102baa                ptreset
 .text          0x0000000000102c11      0x10d binaries/ptsend.o
                0x0000000000102c11                ptsend
 .text          0x0000000000102d1e       0x5c binaries/putc.o
                0x0000000000102d1e                putc
 .text          0x0000000000102d7a       0xb6 binaries/quark_irq.o
                0x0000000000102d7a                quark_irq_routing
 .text          0x0000000000102e30      0x19d binaries/quark_pdat.o
                0x0000000000102e30                get_quark_pdat_entry_data_by_id
                0x0000000000102efd                get_quark_pdat_entry_data_by_desc
 .text          0x0000000000102fcd       0xab binaries/queue.o
                0x0000000000102fcd                enqueue
                0x000000000010302d                dequeue
 .text          0x0000000000103078       0x5e binaries/read.o
                0x0000000000103078                read
 .text          0x00000000001030d6       0x65 binaries/ready.o
                0x00000000001030d6                ready
 .text          0x000000000010313b       0xc4 binaries/receive.o
                0x000000000010313b                receive
 .text          0x00000000001031ff       0x40 binaries/receivemsg.o
                0x00000000001031ff                receivemsg
 .text          0x000000000010323f       0x1f binaries/recvcb.o
                0x000000000010323f                recvcb
 .text          0x000000000010325e       0x46 binaries/recvclr.o
                0x000000000010325e                recvclr
 .text          0x00000000001032a4       0xab binaries/recvtime.o
                0x00000000001032a4                recvtime
 .text          0x000000000010334f       0x61 binaries/removemem.o
                0x000000000010334f                removemem
 .text          0x00000000001033b0      0x1ba binaries/resched.o
                0x00000000001033b0                resched
                0x00000000001034f7                resched_cntl
 .text          0x000000000010356a       0x77 binaries/resume.o
                0x000000000010356a                resume
 .text          0x00000000001035e1       0x5a binaries/seek.o
                0x00000000001035e1                seek
 .text          0x000000000010363b       0x4f binaries/semcount.o
                0x000000000010363b                semcount
 .text          0x000000000010368a       0x86 binaries/semcreate.o
                0x000000000010368a                semcreate
 .text          0x0000000000103710       0xc3 binaries/semdelete.o
                0x0000000000103710                semdelete
 .text          0x00000000001037d3       0xa7 binaries/semreset.o
                0x00000000001037d3                semreset
 .text          0x000000000010387a      0x101 binaries/sendblk.o
                0x000000000010387a                sendblk
 .text          0x000000000010397b       0xdf binaries/send.o
                0x000000000010397b                send
 .text          0x0000000000103a5a       0x31 binaries/sender.o
                0x0000000000103a5a                sender
 .text          0x0000000000103a8b       0x1e binaries/sendmsg.o
                0x0000000000103a8b                sendmsg
 .text          0x0000000000103aa9       0xa3 binaries/sigcbreg.o
                0x0000000000103aa9                sigcbreg
 .text          0x0000000000103b4c      0x105 binaries/sigcbunreg.o
                0x0000000000103b4c                sigcbunreg
 .text          0x0000000000103c51       0x95 binaries/signal.o
                0x0000000000103c51                signal
 .text          0x0000000000103ce6       0xb2 binaries/signaln.o
                0x0000000000103ce6                signaln
 .text          0x0000000000103d98       0xc8 binaries/sleep.o
                0x0000000000103d98                sleepms
                0x0000000000103e2a                sleep
 .text          0x0000000000103e60       0xb2 binaries/suspend.o
                0x0000000000103e60                suspend
 .text          0x0000000000103f12       0x1a binaries/testmem.o
                0x0000000000103f12                testmem
 .text          0x0000000000103f2c        0x1 binaries/testpart3.o
                0x0000000000103f2c                testpart3
 .text          0x0000000000103f2d        0x1 binaries/testpart4.o
                0x0000000000103f2d                testpart4
 .text          0x0000000000103f2e       0x92 binaries/unsleep.o
                0x0000000000103f2e                unsleep
 .text          0x0000000000103fc0       0x15 binaries/userret.o
                0x0000000000103fc0                userret
 .text          0x0000000000103fd5       0xad binaries/wait.o
                0x0000000000103fd5                wait
 .text          0x0000000000104082       0x6d binaries/wakeup.o
                0x0000000000104082                wakeup
 .text          0x00000000001040ef       0x5e binaries/write.o
                0x00000000001040ef                write
 .text          0x000000000010414d       0x16 binaries/xdone.o
                0x000000000010414d                xdone
 .text          0x0000000000104163       0x16 binaries/xtmcb.o
                0x0000000000104163                xtmcb
 .text          0x0000000000104179       0x23 binaries/yield.o
                0x0000000000104179                yield
 .text          0x000000000010419c        0xe binaries/abs.o
                0x000000000010419c                abs
 .text          0x00000000001041aa       0x7d binaries/atoi.o
                0x00000000001041aa                atoi
 .text          0x0000000000104227       0x7d binaries/atol.o
                0x0000000000104227                atol
 .text          0x00000000001042a4       0x18 binaries/bzero.o
                0x00000000001042a4                bzero
 .text          0x00000000001042bc        0x0 binaries/ctype_.o
 .text          0x00000000001042bc      0x6e7 binaries/doprnt.o
                0x0000000000104410                _doprnt
 .text          0x00000000001049a3      0x678 binaries/doscan.o
                0x00000000001049a3                _doscan
 .text          0x000000000010501b      0x6a9 binaries/fdoprnt.o
                0x000000000010509f                _fdoprnt
 .text          0x00000000001056c4       0x1c binaries/fgetc.o
                0x00000000001056c4                fgetc
 .text          0x00000000001056e0       0x5c binaries/fgets.o
                0x00000000001056e0                fgets
 .text          0x000000000010573c       0x23 binaries/fprintf.o
                0x000000000010573c                fprintf
 .text          0x000000000010575f       0x29 binaries/fputc.o
                0x000000000010575f                fputc
 .text          0x0000000000105788       0x3b binaries/fputs.o
                0x0000000000105788                fputs
 .text          0x00000000001057c3       0x6a binaries/fscanf.o
                0x00000000001057fd                fscanf
 .text          0x000000000010582d       0x1f binaries/getchar.o
                0x000000000010582d                getchar
 .text          0x000000000010584c        0xe binaries/labs.o
                0x000000000010584c                labs
 .text          0x000000000010585a       0x32 binaries/memchr.o
                0x000000000010585a                memchr
 .text          0x000000000010588c       0x49 binaries/memcmp.o
                0x000000000010588c                memcmp
 .text          0x00000000001058d5       0x25 binaries/memcpy.o
                0x00000000001058d5                memcpy
 .text          0x00000000001058fa       0x1e binaries/memset.o
                0x00000000001058fa                memset
 .text          0x0000000000105918       0x32 binaries/printf.o
                0x0000000000105918                printf
 .text          0x000000000010594a       0x23 binaries/putchar.o
                0x000000000010594a                putchar
 .text          0x000000000010596d      0x1cb binaries/qsort.o
                0x0000000000105b0d                qsort
 .text          0x0000000000105b38       0x45 binaries/rand.o
                0x0000000000105b38                srand
                0x0000000000105b42                rand
 .text          0x0000000000105b7d       0x49 binaries/sprintf.o
                0x0000000000105b94                sprintf
 .text          0x0000000000105bc6       0x57 binaries/sscanf.o
                0x0000000000105bef                sscanf
 .text          0x0000000000105c1d       0x2d binaries/strchr.o
                0x0000000000105c1d                strchr
 .text          0x0000000000105c4a       0x43 binaries/strcmp.o
                0x0000000000105c4a                strcmp
 .text          0x0000000000105c8d       0x1a binaries/strcpy.o
                0x0000000000105c8d                strcpy
 .text          0x0000000000105ca7       0x1c binaries/strlen.o
                0x0000000000105ca7                strlen
 .text          0x0000000000105cc3       0x3c binaries/strncat.o
                0x0000000000105cc3                strncat
 .text          0x0000000000105cff       0x3a binaries/strncmp.o
                0x0000000000105cff                strncmp
 .text          0x0000000000105d39       0x58 binaries/strncpy.o
                0x0000000000105d39                strncpy
 .text          0x0000000000105d91       0x36 binaries/strnlen.o
                0x0000000000105d91                strnlen
 .text          0x0000000000105dc7       0x30 binaries/strrchr.o
                0x0000000000105dc7                strrchr
 .text          0x0000000000105df7       0x66 binaries/strstr.o
                0x0000000000105df7                strstr
 .text          0x0000000000105e5d      0x10a binaries/ttycontrol.o
                0x0000000000105e5d                ttycontrol
 .text          0x0000000000105f67       0xaa binaries/ttygetc.o
                0x0000000000105f67                ttygetc
 .text          0x0000000000106011      0x48a binaries/ttyhandle_in.o
                0x00000000001060c7                ttyhandle_in
 .text          0x000000000010649b      0x14c binaries/ttyhandle_out.o
                0x000000000010649b                ttyhandle_out
 .text          0x00000000001065e7       0x84 binaries/ttyhandler.o
                0x00000000001065e7                ttyhandler
 .text          0x000000000010666b      0x15a binaries/ttyinit.o
                0x000000000010666b                ttyinit
 .text          0x00000000001067c5        0xc binaries/ttykickout.o
                0x00000000001067c5                ttykickout
 .text          0x00000000001067d1       0xac binaries/ttyputc.o
                0x00000000001067d1                ttyputc
 .text          0x000000000010687d       0xf3 binaries/ttyread.o
                0x000000000010687d                ttyread
 .text          0x0000000000106970       0x46 binaries/ttywrite.o
                0x0000000000106970                ttywrite
 .text          0x00000000001069b6      0x125 binaries/mount.o
                0x00000000001069b6                namlen
                0x00000000001069ee                mount
 .text          0x0000000000106adb      0x196 binaries/naminit.o
                0x0000000000106adb                naminit
 .text          0x0000000000106c71      0x1ff binaries/nammap.o
                0x0000000000106c71                namrepl
                0x0000000000106d92                namcpy
                0x0000000000106ddf                nammap
 .text          0x0000000000106e70       0x4e binaries/namopen.o
                0x0000000000106e70                namopen
 .text          0x0000000000106ebe       0xce binaries/colon2mac.o
                0x0000000000106ebe                colon2mac
 .text          0x0000000000106f8c       0x81 binaries/ethcontrol.o
                0x0000000000106f8c                ethcontrol
 .text          0x000000000010700d      0x162 binaries/ethhandler.o
                0x000000000010700d                ethhandler
 .text          0x000000000010716f      0x500 binaries/ethinit.o
                0x000000000010716f                eth_phy_read
                0x00000000001071ac                eth_phy_write
                0x00000000001071ec                eth_phy_reset
                0x00000000001072c6                ethinit
 .text          0x000000000010766f       0xee binaries/ethmcast.o
                0x000000000010766f                ethmcast_add
                0x00000000001076bc                ethmcast_remove
 .text          0x000000000010775d      0x14f binaries/ethread.o
                0x000000000010775d                ethread
 .text          0x00000000001078ac       0xc3 binaries/ethwrite.o
                0x00000000001078ac                ethwrite
 .text          0x000000000010796f       0x66 binaries/rdsbufalloc.o
                0x000000000010796f                rdsbufalloc
 .text          0x00000000001079d5       0xc2 binaries/rdsclose.o
                0x00000000001079d5                rdsclose
 .text          0x0000000000107a97      0x1ea binaries/rdscomm.o
                0x0000000000107a97                rdscomm
 .text          0x0000000000107c81      0x1c2 binaries/rdscontrol.o
                0x0000000000107c81                rdscontrol
 .text          0x0000000000107e43      0x1e3 binaries/rdsinit.o
                0x0000000000107e43                rdsinit
 .text          0x0000000000108026      0x1a1 binaries/rdsopen.o
                0x0000000000108026                rdsopen
 .text          0x00000000001081c7      0x2ab binaries/rdsprocess.o
                0x00000000001081c7                rdsprocess
 .text          0x0000000000108472      0x1e2 binaries/rdsread.o
                0x0000000000108472                rdsread
 .text          0x0000000000108654      0x1ac binaries/rdswrite.o
                0x0000000000108654                rdswrite
 .text          0x0000000000108800        0x6 binaries/ramclose.o
                0x0000000000108800                ramclose
 .text          0x0000000000108806       0x34 binaries/raminit.o
                0x0000000000108806                raminit
 .text          0x000000000010883a        0x7 binaries/ramopen.o
                0x000000000010883a                ramopen
 .text          0x0000000000108841       0x27 binaries/ramread.o
                0x0000000000108841                ramread
 .text          0x0000000000108868       0x27 binaries/ramwrite.o
                0x0000000000108868                ramwrite
 .text          0x000000000010888f       0x87 binaries/lfdballoc.o
                0x000000000010888f                lfdballoc
 .text          0x0000000000108916       0x4d binaries/lfdbfree.o
                0x0000000000108916                lfdbfree
 .text          0x0000000000108963       0x9f binaries/lfflush.o
                0x0000000000108963                lfflush
 .text          0x0000000000108a02       0x7a binaries/lfgetmode.o
                0x0000000000108a02                lfgetmode
 .text          0x0000000000108a7c       0x5f binaries/lfiballoc.o
                0x0000000000108a7c                lfiballoc
 .text          0x0000000000108adb       0x25 binaries/lfibclear.o
                0x0000000000108adb                lfibclear
 .text          0x0000000000108b00       0x74 binaries/lfibget.o
                0x0000000000108b00                lfibget
 .text          0x0000000000108b74       0x91 binaries/lfibput.o
                0x0000000000108b74                lfibput
 .text          0x0000000000108c05       0xa1 binaries/lflclose.o
                0x0000000000108c05                lflclose
 .text          0x0000000000108ca6       0xbe binaries/lflcontrol.o
                0x0000000000108ca6                lflcontrol
 .text          0x0000000000108d64       0xf8 binaries/lflgetc.o
                0x0000000000108d64                lflgetc
 .text          0x0000000000108e5c       0xe4 binaries/lflinit.o
                0x0000000000108e5c                lflinit
 .text          0x0000000000108f40      0x123 binaries/lflputc.o
                0x0000000000108f40                lflputc
 .text          0x0000000000109063       0x6a binaries/lflread.o
                0x0000000000109063                lflread
 .text          0x00000000001090cd       0xb8 binaries/lflseek.o
                0x00000000001090cd                lflseek
 .text          0x0000000000109185       0x4e binaries/lflwrite.o
                0x0000000000109185                lflwrite
 .text          0x00000000001091d3      0x11a binaries/lfsckfmt.o
                0x00000000001091d3                lfsckfmt
 .text          0x00000000001092ed      0x1bd binaries/lfscreate.o
                0x00000000001092ed                lfscreate
 .text          0x00000000001094aa      0x1a4 binaries/lfsetup.o
                0x00000000001094aa                lfsetup
 .text          0x000000000010964e       0x44 binaries/lfsinit.o
                0x000000000010964e                lfsinit
 .text          0x0000000000109692      0x2ff binaries/lfsopen.o
                0x0000000000109692                lfsopen
 .text          0x0000000000109991      0x11d binaries/lftruncate.o
                0x0000000000109991                lftruncate
 .text          0x0000000000109aae       0x69 binaries/rflclose.o
                0x0000000000109aae                rflclose
 .text          0x0000000000109b17       0x2b binaries/rflgetc.o
                0x0000000000109b17                rflgetc
 .text          0x0000000000109b42       0x69 binaries/rflinit.o
                0x0000000000109b42                rflinit
 .text          0x0000000000109bab       0x2c binaries/rflputc.o
                0x0000000000109bab                rflputc
 .text          0x0000000000109bd7      0x2ce binaries/rflread.o
                0x0000000000109bd7                rflread
 .text          0x0000000000109ea5       0x69 binaries/rflseek.o
                0x0000000000109ea5                rflseek
 .text          0x0000000000109f0e      0x2ec binaries/rflwrite.o
                0x0000000000109f0e                rflwrite
 .text          0x000000000010a1fa      0x17c binaries/rfscomm.o
                0x000000000010a1fa                rfscomm
 .text          0x000000000010a376      0x246 binaries/rfscontrol.o
                0x000000000010a376                rfscontrol
 .text          0x000000000010a5bc       0x7a binaries/rfsgetmode.o
                0x000000000010a5bc                rfsgetmode
 .text          0x000000000010a636       0x7d binaries/rfsinit.o
                0x000000000010a636                rfsinit
 .text          0x000000000010a6b3       0xb7 binaries/rfsndmsg.o
                0x000000000010a6b3                rfsndmsg
 .text          0x000000000010a76a      0x24f binaries/rfsopen.o
                0x000000000010a76a                rfsopen
 .text          0x000000000010a9b9      0x619 binaries/arp.o
                0x000000000010a9b9                arp_init
                0x000000000010a9d1                arp_alloc
                0x000000000010aa75                arp_ntoh
                0x000000000010aadf                arp_hton
                0x000000000010ab49                arp_resolve
                0x000000000010ad9b                arp_in
 .text          0x000000000010afd2      0x59d binaries/dhcp.o
                0x000000000010afd2                dhcp_get_opt_val
                0x000000000010b025                dhcp_bld_bootp_msg
                0x000000000010b0f3                dhcp_bld_disc
                0x000000000010b143                dhcp_bld_req
                0x000000000010b1dd                getlocalip
 .text          0x000000000010b56f       0xd7 binaries/dot2ip.o
                0x000000000010b56f                dot2ip
 .text          0x000000000010b646      0x379 binaries/hexdump.o
                0x000000000010b646                hexdump
                0x000000000010b796                hexadump
 .text          0x000000000010b9bf      0x6dc binaries/icmp.o
                0x000000000010b9bf                icmp_init
                0x000000000010b9d7                icmp_register
                0x000000000010ba95                icmp_recv
                0x000000000010bc38                icmp_mkpkt
                0x000000000010bd09                icmp_in
                0x000000000010be9c                icmp_send
                0x000000000010bf0b                icmp_release
                0x000000000010c01a                icmp_cksum
                0x000000000010c073                icmp_hton
                0x000000000010c087                icmp_ntoh
 .text          0x000000000010c09b      0x5ca binaries/ip.o
                0x000000000010c09b                ip_local
                0x000000000010c0db                ipcksum
                0x000000000010c128                ip_ntoh
                0x000000000010c192                ip_in
                0x000000000010c2b5                ip_hton
                0x000000000010c31f                ip_out
                0x000000000010c3d2                ip_send
                0x000000000010c4de                ipout
                0x000000000010c5ce                ip_enqueue
 .text          0x000000000010c665      0x1a8 binaries/net.o
                0x000000000010c665                net_init
                0x000000000010c75b                eth_hton
                0x000000000010c765                eth_ntoh
                0x000000000010c76f                netin
 .text          0x000000000010c80d       0xb3 binaries/netstart.o
                0x000000000010c80d                netstart
 .text          0x000000000010c8c0      0xa2d binaries/pdump.o
                0x000000000010c8c0                pdump
                0x000000000010cea4                pdumph
 .text          0x000000000010d2ed      0x5c8 binaries/tftp.o
                0x000000000010d2ed                tftp_send1
                0x000000000010d409                tftpget_mb
                0x000000000010d88e                tftpget
 .text          0x000000000010d8b5      0x9fe binaries/udp.o
                0x000000000010d8b5                udp_init
                0x000000000010d8f2                udp_in
                0x000000000010da11                udp_register
                0x000000000010db2e                udp_recv
                0x000000000010dcbb                udp_recvaddr
                0x000000000010de5c                udp_send
                0x000000000010e017                udp_sendto
                0x000000000010e18a                udp_release
                0x000000000010e28b                udp_ntoh
                0x000000000010e29f                udp_hton
 .text          0x000000000010e2b3      0x121 binaries/addargs.o
                0x000000000010e2b3                addargs
 .text          0x000000000010e3d4      0x1e2 binaries/lexan.o
                0x000000000010e3d4                lexan
 .text          0x000000000010e5b6      0x5b0 binaries/shell.o
                0x000000000010e5b6                shell
 .text          0x000000000010eb66       0x57 binaries/xsh_argecho.o
                0x000000000010eb66                xsh_argecho
 .text          0x000000000010ebbd      0x1f8 binaries/xsh_arp.o
                0x000000000010ebbd                xsh_arp
 .text          0x000000000010edb5      0x1ea binaries/xsh_cat.o
                0x000000000010edb5                xsh_cat
 .text          0x000000000010ef9f       0x53 binaries/xsh_clear.o
                0x000000000010ef9f                xsh_clear
 .text          0x000000000010eff2      0x26e binaries/xsh_date.o
                0x000000000010eff2                xsh_date
 .text          0x000000000010f260       0x83 binaries/xsh_devdump.o
                0x000000000010f260                xsh_devdump
 .text          0x000000000010f2e3       0x5e binaries/xsh_echo.o
                0x000000000010f2e3                xsh_echo
 .text          0x000000000010f341        0x6 binaries/xsh_exit.o
                0x000000000010f341                xsh_exit
 .text          0x000000000010f347      0x326 binaries/xsh_help.o
                0x000000000010f347                xsh_help
 .text          0x000000000010f66d      0x379 binaries/xsh_ipaddr.o
                0x000000000010f66d                xsh_ipaddr
 .text          0x000000000010f9e6      0x1c1 binaries/xsh_kill.o
                0x000000000010f9e6                xsh_kill
 .text          0x000000000010fba7      0x3d1 binaries/xsh_memdump.o
                0x000000000010fc69                xsh_memdump
 .text          0x000000000010ff78      0x1cd binaries/xsh_memstat.o
                0x000000000010ff78                xsh_memstat
 .text          0x0000000000110145      0x29b binaries/xsh_ping.o
                0x0000000000110145                xsh_ping
 .text          0x00000000001103e0      0x1a3 binaries/xsh_ps.o
                0x00000000001103e0                xsh_ps
 .text          0x0000000000110583      0x1ab binaries/xsh_sleep.o
                0x0000000000110583                xsh_sleep
 .text          0x000000000011072e      0x1cc binaries/xsh_udpdump.o
                0x000000000011072e                xsh_udpdump
 .text          0x00000000001108fa      0x3ca binaries/xsh_udpecho.o
                0x00000000001108fa                xsh_udpecho
 .text          0x0000000000110cc4      0x21b binaries/xsh_udpeserver.o
                0x0000000000110cc4                xsh_udpeserver
 .text          0x0000000000110edf      0x1b4 binaries/xsh_uptime.o
                0x0000000000110edf                xsh_uptime
 .text          0x0000000000111093       0x13 binaries/clkdisp.o
                0x0000000000111093                clkdisp
 .text          0x00000000001110a6       0x19 binaries/ctxsw.o
                0x00000000001110a6                ctxsw
 .text          0x00000000001110bf      0x368 binaries/intr.o
                0x00000000001110bf                disable
                0x00000000001110c8                restore
                0x00000000001110d6                enable
                0x00000000001110d8                pause
                0x00000000001110df                halt
                0x00000000001110e2                spurious_irq7
                0x00000000001110e7                spurious_irq15
                0x00000000001110f6                _Xint0
                0x0000000000111101                _Xint1
                0x000000000011110c                _Xint2
                0x0000000000111117                _Xint3
                0x0000000000111122                _Xint4
                0x000000000011112d                _Xint5
                0x0000000000111138                _Xint6
                0x0000000000111143                _Xint7
                0x000000000011114e                _Xint8
                0x0000000000111159                _Xint9
                0x0000000000111164                _Xint10
                0x000000000011116f                _Xint11
                0x000000000011117d                _Xint12
                0x000000000011118b                _Xint13
                0x0000000000111199                _Xint14
                0x00000000001111a7                _Xint15
                0x00000000001111b5                _Xint16
                0x00000000001111c3                _Xint17
                0x00000000001111d1                _Xint18
                0x00000000001111df                _Xint19
                0x00000000001111ed                _Xint20
                0x00000000001111fb                _Xint21
                0x0000000000111209                _Xint22
                0x0000000000111217                _Xint23
                0x0000000000111225                _Xint24
                0x0000000000111233                _Xint25
                0x0000000000111241                _Xint26
                0x000000000011124f                _Xint27
                0x000000000011125d                _Xint28
                0x000000000011126b                _Xint29
                0x0000000000111279                _Xint30
                0x0000000000111287                _Xint31
                0x0000000000111295                _Xint32
                0x00000000001112a3                _Xint33
                0x00000000001112b1                _Xint34
                0x00000000001112bf                _Xint35
                0x00000000001112cd                _Xint36
                0x00000000001112db                _Xint37
                0x00000000001112e9                _Xint38
                0x00000000001112f7                _Xint39
                0x0000000000111305                _Xint40
                0x0000000000111313                _Xint41
                0x0000000000111321                _Xint42
                0x000000000011132f                _Xint43
                0x000000000011133d                _Xint44
                0x000000000011134b                _Xint45
                0x0000000000111359                _Xint46
                0x0000000000111367                defevec
 .text          0x0000000000111427        0xf binaries/ttydispatch.o
                0x0000000000111427                ttydispatch
 .text          0x0000000000111436       0x13 binaries/ethdispatch.o
                0x0000000000111436                ethdispatch
 *(.rodata .rodata.*)
 .rodata.str1.1
                0x0000000000111449       0x54 binaries/ascdate.o
 *fill*         0x000000000011149d        0x3 
 .rodata.str1.4
                0x00000000001114a0       0x22 binaries/ascdate.o
 .rodata.str1.1
                0x00000000001114c2       0x5f binaries/conf.o
 *fill*         0x0000000000111521        0x3 
 .rodata.str1.4
                0x0000000000111524       0x4f binaries/early_imr.o
 *fill*         0x0000000000111573        0x1 
 .rodata        0x0000000000111574       0x33 binaries/early_imr.o
 .rodata.str1.1
                0x00000000001115a7      0x20c binaries/evec.o
 *fill*         0x00000000001117b3        0x1 
 .rodata.str1.4
                0x00000000001117b4       0x23 binaries/evec.o
 .rodata.str1.1
                0x00000000001117d7        0xb binaries/getutime.o
 *fill*         0x00000000001117e2        0x2 
 .rodata.str1.4
                0x00000000001117e4       0x54 binaries/getutime.o
 .rodata.str1.1
                0x0000000000111838       0x63 binaries/initialize.o
                                         0x67 (size before relaxing)
 *fill*         0x000000000011189b        0x1 
 .rodata.str1.4
                0x000000000011189c       0xd4 binaries/initialize.o
 .rodata        0x0000000000111970       0x20 binaries/kill.o
 .rodata.str1.1
                0x0000000000111990       0x4f binaries/main.o
 *fill*         0x00000000001119df        0x1 
 .rodata.str1.4
                0x00000000001119e0      0x16b binaries/main.o
 .rodata.str1.1
                0x0000000000111b4b        0xf binaries/memclear.o
 *fill*         0x0000000000111b5a        0x2 
 .rodata.str1.4
                0x0000000000111b5c       0x23 binaries/meminit.o
 .rodata.str1.1
                0x0000000000111b7f       0x1b binaries/meminit.o
 .rodata.str1.1
                0x0000000000111b9a        0x4 binaries/mrecv_cb.o
 .rodata.str1.1
                0x0000000000111b9a        0xf binaries/panic.o
 *fill*         0x0000000000111ba9        0x3 
 .rodata.str1.4
                0x0000000000111bac       0x3f binaries/parent.o
 .rodata.str1.1
                0x0000000000111beb       0x1d binaries/parent.o
 .rodata.str1.1
                0x0000000000111c08       0x1c binaries/ptinit.o
 .rodata.str1.4
                0x0000000000111c24       0x25 binaries/ptsend.o
 .rodata.str1.1
                0x0000000000111c49       0x22 binaries/quark_pdat.o
 .rodata.str1.1
                0x0000000000111c6b        0x4 binaries/receivemsg.o
 .rodata.str1.1
                0x0000000000111c6b        0x4 binaries/recvcb.o
 .rodata.str1.1
                0x0000000000111c6b       0x12 binaries/sender.o
 .rodata.str1.1
                0x0000000000111c7d        0xe binaries/sendmsg.o
 *fill*         0x0000000000111c8b        0x1 
 .rodata.str1.4
                0x0000000000111c8c       0x27 binaries/xdone.o
 .rodata.str1.1
                0x0000000000111cb3       0x11 binaries/xtmcb.o
 *fill*         0x0000000000111cc4       0x1c 
 .rodata        0x0000000000111ce0       0x81 binaries/ctype_.o
                0x0000000000111ce0                _ctype_
 .rodata.str1.1
                0x0000000000111d61       0x29 binaries/doprnt.o
 *fill*         0x0000000000111d8a        0x2 
 .rodata        0x0000000000111d8c       0xc4 binaries/doprnt.o
 .rodata        0x0000000000111e50       0x98 binaries/doscan.o
 .rodata.str1.1
                0x0000000000111ee8       0x29 binaries/fdoprnt.o
 .rodata        0x0000000000111ee8       0x84 binaries/fdoprnt.o
 .rodata        0x0000000000111f6c       0x20 binaries/ttycontrol.o
 .rodata.str1.4
                0x0000000000111f8c       0x4c binaries/naminit.o
 .rodata.str1.1
                0x0000000000111fd8       0x32 binaries/naminit.o
                                         0x35 (size before relaxing)
 .rodata.str1.1
                0x000000000011200a       0x15 binaries/ethinit.o
 *fill*         0x000000000011201f        0x1 
 .rodata.str1.4
                0x0000000000112020       0x2e binaries/ethinit.o
 *fill*         0x000000000011204e        0x2 
 .rodata.str1.4
                0x0000000000112050       0x2c binaries/rdsbufalloc.o
 .rodata.str1.4
                0x000000000011207c       0x76 binaries/rdscomm.o
 *fill*         0x00000000001120f2        0x2 
 .rodata.str1.4
                0x00000000001120f4       0x48 binaries/rdscontrol.o
 .rodata.str1.4
                0x000000000011213c       0x7e binaries/rdsinit.o
 .rodata.str1.1
                0x00000000001121ba       0x18 binaries/rdsinit.o
 *fill*         0x00000000001121d2        0x2 
 .rodata.str1.4
                0x00000000001121d4       0x22 binaries/rdsopen.o
 *fill*         0x00000000001121f6        0x2 
 .rodata.str1.4
                0x00000000001121f8       0x4d binaries/rdsprocess.o
 .rodata.str1.1
                0x0000000000112245        0x9 binaries/raminit.o
 .rodata.str1.1
                0x000000000011224e       0x13 binaries/lfdballoc.o
 *fill*         0x0000000000112261        0x3 
 .rodata.str1.4
                0x0000000000112264       0x23 binaries/lfdballoc.o
 .rodata.str1.1
                0x0000000000112287       0x14 binaries/lfiballoc.o
 *fill*         0x000000000011229b        0x1 
 .rodata.str1.4
                0x000000000011229c       0x23 binaries/lflcontrol.o
 .rodata.str1.1
                0x00000000001122bf       0x64 binaries/lfsckfmt.o
 *fill*         0x0000000000112323        0x1 
 .rodata.str1.4
                0x0000000000112324       0x51 binaries/lfsckfmt.o
 *fill*         0x0000000000112375        0x3 
 .rodata.str1.4
                0x0000000000112378       0x21 binaries/rflread.o
 .rodata.str1.4
                0x0000000000112399       0x21 binaries/rflwrite.o
 *fill*         0x0000000000112399        0x3 
 .rodata.str1.4
                0x000000000011239c       0x75 binaries/rfscomm.o
 *fill*         0x0000000000112411        0x3 
 .rodata.str1.4
                0x0000000000112414       0x23 binaries/rfscontrol.o
 *fill*         0x0000000000112437        0x1 
 .rodata        0x0000000000112438       0x18 binaries/rfscontrol.o
 .rodata.str1.1
                0x0000000000112450       0x10 binaries/rfsinit.o
 .rodata.str1.4
                0x0000000000112450       0x57 binaries/rfsinit.o
 *fill*         0x00000000001124a7        0x1 
 .rodata.str1.4
                0x00000000001124a8       0x2a binaries/rfsndmsg.o
 .rodata.str1.4
                0x00000000001124d2       0x22 binaries/rfsopen.o
 .rodata.str1.1
                0x00000000001124d2       0x19 binaries/arp.o
 *fill*         0x00000000001124eb        0x1 
 .rodata.str1.4
                0x00000000001124ec       0x21 binaries/arp.o
 *fill*         0x000000000011250d        0x3 
 .rodata.str1.4
                0x0000000000112510       0xa6 binaries/dhcp.o
 .rodata.str1.1
                0x00000000001125b6       0x4a binaries/dhcp.o
 .rodata.str1.1
                0x0000000000112600       0x5a binaries/hexdump.o
                                         0x61 (size before relaxing)
 *fill*         0x000000000011265a        0x2 
 .rodata.str1.4
                0x000000000011265c       0x67 binaries/hexdump.o
 *fill*         0x00000000001126c3        0x1 
 .rodata.str1.4
                0x00000000001126c4       0x29 binaries/icmp.o
 .rodata.str1.1
                0x00000000001126ed       0x4e binaries/ip.o
 *fill*         0x000000000011273b        0x1 
 .rodata.str1.4
                0x000000000011273c       0x20 binaries/ip.o
 .rodata.str1.4
                0x000000000011275c       0x28 binaries/net.o
 .rodata.str1.1
                0x0000000000112784       0x27 binaries/net.o
 *fill*         0x00000000001127ab        0x1 
 .rodata.str1.4
                0x00000000001127ac       0xcf binaries/netstart.o
 .rodata.str1.1
                0x000000000011287b      0x141 binaries/pdump.o
                                        0x14b (size before relaxing)
 .rodata.str1.4
                0x00000000001129bc      0x126 binaries/pdump.o
 *fill*         0x0000000000112ae2        0x2 
 .rodata.str1.4
                0x0000000000112ae4      0x148 binaries/tftp.o
 .rodata.str1.1
                0x0000000000112c2c        0x6 binaries/tftp.o
                                          0xa (size before relaxing)
 .rodata.str1.1
                0x0000000000112c32       0xe3 binaries/shell.o
                                         0xff (size before relaxing)
 *fill*         0x0000000000112d15        0x3 
 .rodata.str1.4
                0x0000000000112d18      0x1c4 binaries/shell.o
 *fill*         0x0000000000112edc        0x4 
 .rodata        0x0000000000112ee0       0xfc binaries/shell.o
                0x0000000000112ee0                cmdtab
 .rodata.str1.1
                0x0000000000112fdc       0x26 binaries/xsh_argecho.o
                                         0x28 (size before relaxing)
 .rodata.str1.1
                0x0000000000113002       0x70 binaries/xsh_arp.o
                                         0x72 (size before relaxing)
 *fill*         0x0000000000113072        0x2 
 .rodata.str1.4
                0x0000000000113074       0xb4 binaries/xsh_arp.o
 .rodata.str1.1
                0x0000000000113128       0x2d binaries/xsh_cat.o
                                         0x4f (size before relaxing)
 *fill*         0x0000000000113155        0x3 
 .rodata.str1.4
                0x0000000000113158       0x52 binaries/xsh_cat.o
                                         0x79 (size before relaxing)
 .rodata.str1.1
                0x00000000001131aa       0x15 binaries/xsh_clear.o
 .rodata.str1.1
                0x00000000001131bf       0x46 binaries/xsh_date.o
                                         0x5f (size before relaxing)
 *fill*         0x0000000000113205        0x3 
 .rodata.str1.4
                0x0000000000113208      0x163 binaries/xsh_date.o
 .rodata.str1.1
                0x000000000011336b       0x5d binaries/xsh_devdump.o
 .rodata.str1.1
                0x00000000001133c8        0x4 binaries/xsh_echo.o
                                          0x9 (size before relaxing)
 .rodata.str1.1
                0x00000000001133cc       0x65 binaries/xsh_help.o
                                         0xa3 (size before relaxing)
 *fill*         0x0000000000113431        0x3 
 .rodata.str1.4
                0x0000000000113434       0x7c binaries/xsh_help.o
                                         0xc6 (size before relaxing)
 .rodata.str1.1
                0x00000000001134b0       0x9c binaries/xsh_ipaddr.o
                                         0xf8 (size before relaxing)
 .rodata.str1.4
                0x000000000011354c       0x4d binaries/xsh_ipaddr.o
                                         0x99 (size before relaxing)
 .rodata.str1.1
                0x0000000000113599       0x78 binaries/xsh_kill.o
                                         0x97 (size before relaxing)
 *fill*         0x0000000000113611        0x3 
 .rodata.str1.4
                0x0000000000113614       0x4a binaries/xsh_kill.o
                                         0x96 (size before relaxing)
 .rodata.str1.1
                0x000000000011365e       0x84 binaries/xsh_memdump.o
                                         0xa8 (size before relaxing)
 *fill*         0x00000000001136e2        0x2 
 .rodata.str1.4
                0x00000000001136e4      0x15a binaries/xsh_memdump.o
                                        0x1aa (size before relaxing)
 .rodata.str1.1
                0x000000000011383e       0x40 binaries/xsh_memstat.o
                                         0x79 (size before relaxing)
 *fill*         0x000000000011387e        0x2 
 .rodata.str1.4
                0x0000000000113880      0x187 binaries/xsh_memstat.o
                                        0x1af (size before relaxing)
 .rodata.str1.1
                0x0000000000113a07       0x90 binaries/xsh_ping.o
                                         0xaf (size before relaxing)
 *fill*         0x0000000000113a97        0x1 
 .rodata.str1.4
                0x0000000000113a98       0x77 binaries/xsh_ping.o
                                         0xc6 (size before relaxing)
 .rodata.str1.1
                0x0000000000113b0f       0x74 binaries/xsh_ps.o
                                         0xd5 (size before relaxing)
 *fill*         0x0000000000113b83        0x1 
 .rodata.str1.4
                0x0000000000113b84       0x80 binaries/xsh_ps.o
                                         0xd0 (size before relaxing)
 *fill*         0x0000000000113c04       0x1c 
 .rodata        0x0000000000113c20       0x20 binaries/xsh_ps.o
 .rodata.str1.1
                0x0000000000113c40       0x31 binaries/xsh_sleep.o
                                         0x72 (size before relaxing)
 *fill*         0x0000000000113c71        0x3 
 .rodata.str1.4
                0x0000000000113c74       0x2a binaries/xsh_sleep.o
                                         0x7a (size before relaxing)
 .rodata.str1.1
                0x0000000000113c9e       0x6b binaries/xsh_udpdump.o
                                         0xd2 (size before relaxing)
 *fill*         0x0000000000113d09        0x3 
 .rodata.str1.4
                0x0000000000113d0c       0x94 binaries/xsh_udpdump.o
                                         0xe4 (size before relaxing)
 .rodata.str1.1
                0x0000000000113da0       0xdb binaries/xsh_udpecho.o
                                         0xfa (size before relaxing)
 *fill*         0x0000000000113e7b        0x1 
 .rodata.str1.4
                0x0000000000113e7c       0xc7 binaries/xsh_udpecho.o
                                        0x116 (size before relaxing)
 .rodata.str1.1
                0x0000000000113f43       0x66 binaries/xsh_udpeserver.o
                                         0x8f (size before relaxing)
 *fill*         0x0000000000113fa9        0x3 
 .rodata.str1.4
                0x0000000000113fac       0x29 binaries/xsh_udpeserver.o
                                         0x9f (size before relaxing)
 .rodata.str1.1
                0x0000000000113fd5       0x49 binaries/xsh_uptime.o
                                         0x8c (size before relaxing)
 *fill*         0x000000000011401e        0x2 
 .rodata.str1.4
                0x0000000000114020       0x28 binaries/xsh_uptime.o
                                         0x76 (size before relaxing)
                0x0000000000114048                etext = ABSOLUTE (.)
                0x0000000000115000                . = ALIGN (0x1000)
 *fill*         0x0000000000114048      0xfb8 

.eh_frame       0x0000000000115000     0x6ac0
 .eh_frame      0x0000000000115000       0x50 binaries/addmem.o
 .eh_frame      0x0000000000115050       0x60 binaries/ascdate.o
                                         0x78 (size before relaxing)
 .eh_frame      0x00000000001150b0       0x14 binaries/bufinit.o
                                         0x2c (size before relaxing)
 .eh_frame      0x00000000001150c4       0x2c binaries/cbhandler.o
                                         0x44 (size before relaxing)
 .eh_frame      0x00000000001150f0       0x14 binaries/child.o
                                         0x2c (size before relaxing)
 .eh_frame      0x0000000000115104       0x14 binaries/childcb.o
                                         0x2c (size before relaxing)
 .eh_frame      0x0000000000115118       0x34 binaries/childwait.o
                                         0x4c (size before relaxing)
 .eh_frame      0x000000000011514c       0x3c binaries/chprio.o
                                         0x54 (size before relaxing)
 .eh_frame      0x0000000000115188       0x18 binaries/clkhandler.o
                                         0x30 (size before relaxing)
 .eh_frame      0x00000000001151a0       0x3c binaries/clkinit.o
                                         0x54 (size before relaxing)
 .eh_frame      0x00000000001151dc       0x3c binaries/close.o
                                         0x54 (size before relaxing)
 .eh_frame      0x0000000000115218       0x44 binaries/control.o
                                         0x5c (size before relaxing)
 .eh_frame      0x000000000011525c       0x5c binaries/create.o
                                         0x74 (size before relaxing)
 .eh_frame      0x00000000001152b8      0x148 binaries/early_imr.o
                                        0x160 (size before relaxing)
 .eh_frame      0x0000000000115400      0x1a8 binaries/evec.o
                                        0x1c0 (size before relaxing)
 .eh_frame      0x00000000001155a8       0x50 binaries/freebuf.o
                                         0x68 (size before relaxing)
 .eh_frame      0x00000000001155f8       0x60 binaries/freemem.o
                                         0x78 (size before relaxing)
 .eh_frame      0x0000000000115658       0x40 binaries/getbuf.o
                                         0x58 (size before relaxing)
 .eh_frame      0x0000000000115698       0xb4 binaries/getcb.o
                                         0xcc (size before relaxing)
 .eh_frame      0x000000000011574c       0x3c binaries/getc.o
                                         0x54 (size before relaxing)
 .eh_frame      0x0000000000115788       0x5c binaries/getdev.o
                                         0x74 (size before relaxing)
 .eh_frame      0x00000000001157e4       0x28 binaries/getinterrupts.o
                                         0x40 (size before relaxing)
 .eh_frame      0x000000000011580c       0x4c binaries/getitem.o
                                         0x64 (size before relaxing)
 .eh_frame      0x0000000000115858       0x50 binaries/getmem.o
                                         0x68 (size before relaxing)
 .eh_frame      0x00000000001158a8       0x14 binaries/getpid.o
                                         0x2c (size before relaxing)
 .eh_frame      0x00000000001158bc       0x34 binaries/getprio.o
                                         0x4c (size before relaxing)
 .eh_frame      0x00000000001158f0       0x28 binaries/getsigqueue.o
                                         0x40 (size before relaxing)
 .eh_frame      0x0000000000115918       0x58 binaries/getstk.o
                                         0x70 (size before relaxing)
 .eh_frame      0x0000000000115970       0x20 binaries/gettime.o
                                         0x38 (size before relaxing)
 .eh_frame      0x0000000000115990       0x8c binaries/getutime.o
                                         0xa4 (size before relaxing)
 .eh_frame      0x0000000000115a1c       0x3c binaries/init.o
                                         0x54 (size before relaxing)
 .eh_frame      0x0000000000115a58       0xdc binaries/initialize.o
                                         0xf4 (size before relaxing)
 .eh_frame      0x0000000000115b34       0x24 binaries/insert.o
                                         0x3c (size before relaxing)
 .eh_frame      0x0000000000115b58       0x38 binaries/insertd.o
                                         0x50 (size before relaxing)
 .eh_frame      0x0000000000115b90       0x14 binaries/ioerr.o
                                         0x2c (size before relaxing)
 .eh_frame      0x0000000000115ba4       0x14 binaries/ionull.o
                                         0x2c (size before relaxing)
 .eh_frame      0x0000000000115bb8       0x80 binaries/kill.o
                                         0x98 (size before relaxing)
 .eh_frame      0x0000000000115c38       0x80 binaries/kprintf.o
                                         0x98 (size before relaxing)
 .eh_frame      0x0000000000115cb8       0x2c binaries/main.o
                                         0x44 (size before relaxing)
 .eh_frame      0x0000000000115ce4       0x4c binaries/mark.o
                                         0x64 (size before relaxing)
 .eh_frame      0x0000000000115d30       0x48 binaries/memclear.o
                                         0x60 (size before relaxing)
 .eh_frame      0x0000000000115d78       0x74 binaries/meminit.o
                                         0x8c (size before relaxing)
 .eh_frame      0x0000000000115dec       0x74 binaries/mkbufpool.o
                                         0x8c (size before relaxing)
 .eh_frame      0x0000000000115e60       0x20 binaries/mrecv_cb.o
                                         0x38 (size before relaxing)
 .eh_frame      0x0000000000115e80       0x14 binaries/newqueue.o
                                         0x2c (size before relaxing)
 .eh_frame      0x0000000000115e94       0x44 binaries/open.o
                                         0x5c (size before relaxing)
 .eh_frame      0x0000000000115ed8       0x20 binaries/panic.o
                                         0x38 (size before relaxing)
 .eh_frame      0x0000000000115ef8       0x84 binaries/parent.o
                                         0x9c (size before relaxing)
 .eh_frame      0x0000000000115f7c       0xec binaries/pci.o
                                        0x104 (size before relaxing)
 .eh_frame      0x0000000000116068       0x38 binaries/platinit.o
                                         0x50 (size before relaxing)
 .eh_frame      0x00000000001160a0       0x68 binaries/ptclear.o
                                         0x80 (size before relaxing)
 .eh_frame      0x0000000000116108       0x50 binaries/ptcount.o
                                         0x68 (size before relaxing)
 .eh_frame      0x0000000000116158       0x60 binaries/ptcreate.o
                                         0x78 (size before relaxing)
 .eh_frame      0x00000000001161b8       0x44 binaries/ptdelete.o
                                         0x5c (size before relaxing)
 .eh_frame      0x00000000001161fc       0x3c binaries/ptinit.o
                                         0x54 (size before relaxing)
 .eh_frame      0x0000000000116238       0x54 binaries/ptrecv.o
                                         0x6c (size before relaxing)
 .eh_frame      0x000000000011628c       0x44 binaries/ptreset.o
                                         0x5c (size before relaxing)
 .eh_frame      0x00000000001162d0       0x5c binaries/ptsend.o
                                         0x74 (size before relaxing)
 .eh_frame      0x000000000011632c       0x44 binaries/putc.o
                                         0x5c (size before relaxing)
 .eh_frame      0x0000000000116370       0x60 binaries/quark_irq.o
                                         0x78 (size before relaxing)
 .eh_frame      0x00000000001163d0       0xd0 binaries/quark_pdat.o
                                         0xe8 (size before relaxing)
 .eh_frame      0x00000000001164a0       0x34 binaries/queue.o
                                         0x4c (size before relaxing)
 .eh_frame      0x00000000001164d4       0x44 binaries/read.o
                                         0x5c (size before relaxing)
 .eh_frame      0x0000000000116518       0x28 binaries/ready.o
                                         0x40 (size before relaxing)
 .eh_frame      0x0000000000116540       0x4c binaries/receive.o
                                         0x64 (size before relaxing)
 .eh_frame      0x000000000011658c       0x2c binaries/receivemsg.o
                                         0x44 (size before relaxing)
 .eh_frame      0x00000000001165b8       0x20 binaries/recvcb.o
                                         0x38 (size before relaxing)
 .eh_frame      0x00000000001165d8       0x28 binaries/recvclr.o
                                         0x40 (size before relaxing)
 .eh_frame      0x0000000000116600       0x50 binaries/recvtime.o
                                         0x68 (size before relaxing)
 .eh_frame      0x0000000000116650       0x1c binaries/removemem.o
                                         0x34 (size before relaxing)
 .eh_frame      0x000000000011666c       0x5c binaries/resched.o
                                         0x74 (size before relaxing)
 .eh_frame      0x00000000001166c8       0x48 binaries/resume.o
                                         0x60 (size before relaxing)
 .eh_frame      0x0000000000116710       0x40 binaries/seek.o
                                         0x58 (size before relaxing)
 .eh_frame      0x0000000000116750       0x34 binaries/semcount.o
                                         0x4c (size before relaxing)
 .eh_frame      0x0000000000116784       0x40 binaries/semcreate.o
                                         0x58 (size before relaxing)
 .eh_frame      0x00000000001167c4       0x5c binaries/semdelete.o
                                         0x74 (size before relaxing)
 .eh_frame      0x0000000000116820       0x68 binaries/semreset.o
                                         0x80 (size before relaxing)
 .eh_frame      0x0000000000116888       0x5c binaries/sendblk.o
                                         0x74 (size before relaxing)
 .eh_frame      0x00000000001168e4       0x58 binaries/send.o
                                         0x70 (size before relaxing)
 .eh_frame      0x000000000011693c       0x30 binaries/sender.o
                                         0x48 (size before relaxing)
 .eh_frame      0x000000000011696c       0x20 binaries/sendmsg.o
                                         0x38 (size before relaxing)
 .eh_frame      0x000000000011698c       0x34 binaries/sigcbreg.o
                                         0x4c (size before relaxing)
 .eh_frame      0x00000000001169c0       0x50 binaries/sigcbunreg.o
                                         0x68 (size before relaxing)
 .eh_frame      0x0000000000116a10       0x50 binaries/signal.o
                                         0x68 (size before relaxing)
 .eh_frame      0x0000000000116a60       0x5c binaries/signaln.o
                                         0x74 (size before relaxing)
 .eh_frame      0x0000000000116abc       0x74 binaries/sleep.o
                                         0x8c (size before relaxing)
 .eh_frame      0x0000000000116b30       0x50 binaries/suspend.o
                                         0x68 (size before relaxing)
 .eh_frame      0x0000000000116b80       0x1c binaries/testmem.o
                                         0x34 (size before relaxing)
 .eh_frame      0x0000000000116b9c       0x14 binaries/testpart3.o
                                         0x2c (size before relaxing)
 .eh_frame      0x0000000000116bb0       0x14 binaries/testpart4.o
                                         0x2c (size before relaxing)
 .eh_frame      0x0000000000116bc4       0x44 binaries/unsleep.o
                                         0x5c (size before relaxing)
 .eh_frame      0x0000000000116c08       0x20 binaries/userret.o
                                         0x38 (size before relaxing)
 .eh_frame      0x0000000000116c28       0x50 binaries/wait.o
                                         0x68 (size before relaxing)
 .eh_frame      0x0000000000116c78       0x2c binaries/wakeup.o
                                         0x44 (size before relaxing)
 .eh_frame      0x0000000000116ca4       0x44 binaries/write.o
                                         0x5c (size before relaxing)
 .eh_frame      0x0000000000116ce8       0x1c binaries/xdone.o
                                         0x34 (size before relaxing)
 .eh_frame      0x0000000000116d04       0x1c binaries/xtmcb.o
                                         0x34 (size before relaxing)
 .eh_frame      0x0000000000116d20       0x28 binaries/yield.o
                                         0x40 (size before relaxing)
 .eh_frame      0x0000000000116d48       0x14 binaries/abs.o
                                         0x2c (size before relaxing)
 .eh_frame      0x0000000000116d5c       0x24 binaries/atoi.o
                                         0x3c (size before relaxing)
 .eh_frame      0x0000000000116d80       0x24 binaries/atol.o
                                         0x3c (size before relaxing)
 .eh_frame      0x0000000000116da4       0x14 binaries/bzero.o
                                         0x2c (size before relaxing)
 .eh_frame      0x0000000000116db8      0x130 binaries/doprnt.o
                                        0x148 (size before relaxing)
 .eh_frame      0x0000000000116ee8      0x104 binaries/doscan.o
                                        0x11c (size before relaxing)
 .eh_frame      0x0000000000116fec       0xf4 binaries/fdoprnt.o
                                        0x10c (size before relaxing)
 .eh_frame      0x00000000001170e0       0x20 binaries/fgetc.o
                                         0x38 (size before relaxing)
 .eh_frame      0x0000000000117100       0x44 binaries/fgets.o
                                         0x5c (size before relaxing)
 .eh_frame      0x0000000000117144       0x24 binaries/fprintf.o
                                         0x3c (size before relaxing)
 .eh_frame      0x0000000000117168       0x20 binaries/fputc.o
                                         0x38 (size before relaxing)
 .eh_frame      0x0000000000117188       0x38 binaries/fputs.o
                                         0x50 (size before relaxing)
 .eh_frame      0x00000000001171c0       0x6c binaries/fscanf.o
                                         0x84 (size before relaxing)
 .eh_frame      0x000000000011722c       0x1c binaries/getchar.o
                                         0x34 (size before relaxing)
 .eh_frame      0x0000000000117248       0x14 binaries/labs.o
                                         0x2c (size before relaxing)
 .eh_frame      0x000000000011725c       0x14 binaries/memchr.o
                                         0x2c (size before relaxing)
 .eh_frame      0x0000000000117270       0x24 binaries/memcmp.o
                                         0x3c (size before relaxing)
 .eh_frame      0x0000000000117294       0x24 binaries/memcpy.o
                                         0x3c (size before relaxing)
 .eh_frame      0x00000000001172b8       0x1c binaries/memset.o
                                         0x34 (size before relaxing)
 .eh_frame      0x00000000001172d4       0x24 binaries/printf.o
                                         0x3c (size before relaxing)
 .eh_frame      0x00000000001172f8       0x20 binaries/putchar.o
                                         0x38 (size before relaxing)
 .eh_frame      0x0000000000117318       0xc0 binaries/qsort.o
                                         0xd8 (size before relaxing)
 .eh_frame      0x00000000001173d8       0x28 binaries/rand.o
                                         0x40 (size before relaxing)
 .eh_frame      0x0000000000117400       0x48 binaries/sprintf.o
                                         0x60 (size before relaxing)
 .eh_frame      0x0000000000117448       0x54 binaries/sscanf.o
                                         0x6c (size before relaxing)
 .eh_frame      0x000000000011749c       0x1c binaries/strchr.o
                                         0x34 (size before relaxing)
 .eh_frame      0x00000000001174b8       0x1c binaries/strcmp.o
                                         0x34 (size before relaxing)
 .eh_frame      0x00000000001174d4       0x14 binaries/strcpy.o
                                         0x2c (size before relaxing)
 .eh_frame      0x00000000001174e8       0x14 binaries/strlen.o
                                         0x2c (size before relaxing)
 .eh_frame      0x00000000001174fc       0x2c binaries/strncat.o
                                         0x44 (size before relaxing)
 .eh_frame      0x0000000000117528       0x1c binaries/strncmp.o
                                         0x34 (size before relaxing)
 .eh_frame      0x0000000000117544       0x30 binaries/strncpy.o
                                         0x48 (size before relaxing)
 .eh_frame      0x0000000000117574       0x1c binaries/strnlen.o
                                         0x34 (size before relaxing)
 .eh_frame      0x0000000000117590       0x1c binaries/strrchr.o
                                         0x34 (size before relaxing)
 .eh_frame      0x00000000001175ac       0x38 binaries/strstr.o
                                         0x50 (size before relaxing)
 .eh_frame      0x00000000001175e4       0x48 binaries/ttycontrol.o
                                         0x60 (size before relaxing)
 .eh_frame      0x000000000011762c       0x38 binaries/ttygetc.o
                                         0x50 (size before relaxing)
 .eh_frame      0x0000000000117664       0xd8 binaries/ttyhandle_in.o
                                         0xf0 (size before relaxing)
 .eh_frame      0x000000000011773c       0x64 binaries/ttyhandle_out.o
                                         0x7c (size before relaxing)
 .eh_frame      0x00000000001177a0       0x54 binaries/ttyhandler.o
                                         0x6c (size before relaxing)
 .eh_frame      0x00000000001177f4       0x48 binaries/ttyinit.o
                                         0x60 (size before relaxing)
 .eh_frame      0x000000000011783c       0x14 binaries/ttykickout.o
                                         0x2c (size before relaxing)
 .eh_frame      0x0000000000117850       0x58 binaries/ttyputc.o
                                         0x70 (size before relaxing)
 .eh_frame      0x00000000001178a8       0x60 binaries/ttyread.o
                                         0x78 (size before relaxing)
 .eh_frame      0x0000000000117908       0x38 binaries/ttywrite.o
                                         0x50 (size before relaxing)
 .eh_frame      0x0000000000117940       0x78 binaries/mount.o
                                         0x90 (size before relaxing)
 .eh_frame      0x00000000001179b8       0xe4 binaries/naminit.o
                                         0xfc (size before relaxing)
 .eh_frame      0x0000000000117a9c       0xe8 binaries/nammap.o
                                        0x100 (size before relaxing)
 .eh_frame      0x0000000000117b84       0x3c binaries/namopen.o
                                         0x54 (size before relaxing)
 .eh_frame      0x0000000000117bc0       0x3c binaries/colon2mac.o
                                         0x54 (size before relaxing)
 .eh_frame      0x0000000000117bfc       0x40 binaries/ethcontrol.o
                                         0x58 (size before relaxing)
 .eh_frame      0x0000000000117c3c       0x58 binaries/ethhandler.o
                                         0x70 (size before relaxing)
 .eh_frame      0x0000000000117c94      0x14c binaries/ethinit.o
                                        0x164 (size before relaxing)
 .eh_frame      0x0000000000117de0       0xa0 binaries/ethmcast.o
                                         0xb8 (size before relaxing)
 .eh_frame      0x0000000000117e80       0x80 binaries/ethread.o
                                         0x98 (size before relaxing)
 .eh_frame      0x0000000000117f00       0x44 binaries/ethwrite.o
                                         0x5c (size before relaxing)
 .eh_frame      0x0000000000117f44       0x30 binaries/rdsbufalloc.o
                                         0x48 (size before relaxing)
 .eh_frame      0x0000000000117f74       0x38 binaries/rdsclose.o
                                         0x50 (size before relaxing)
 .eh_frame      0x0000000000117fac       0x8c binaries/rdscomm.o
                                         0xa4 (size before relaxing)
 .eh_frame      0x0000000000118038       0xb0 binaries/rdscontrol.o
                                         0xc8 (size before relaxing)
 .eh_frame      0x00000000001180e8       0x90 binaries/rdsinit.o
                                         0xa8 (size before relaxing)
 .eh_frame      0x0000000000118178       0x74 binaries/rdsopen.o
                                         0x8c (size before relaxing)
 .eh_frame      0x00000000001181ec       0xf8 binaries/rdsprocess.o
                                        0x110 (size before relaxing)
 .eh_frame      0x00000000001182e4       0x7c binaries/rdsread.o
                                         0x94 (size before relaxing)
 .eh_frame      0x0000000000118360       0x80 binaries/rdswrite.o
                                         0x98 (size before relaxing)
 .eh_frame      0x00000000001183e0       0x14 binaries/ramclose.o
                                         0x2c (size before relaxing)
 .eh_frame      0x00000000001183f4       0x2c binaries/raminit.o
                                         0x44 (size before relaxing)
 .eh_frame      0x0000000000118420       0x14 binaries/ramopen.o
                                         0x2c (size before relaxing)
 .eh_frame      0x0000000000118434       0x20 binaries/ramread.o
                                         0x38 (size before relaxing)
 .eh_frame      0x0000000000118454       0x20 binaries/ramwrite.o
                                         0x38 (size before relaxing)
 .eh_frame      0x0000000000118474       0x64 binaries/lfdballoc.o
                                         0x7c (size before relaxing)
 .eh_frame      0x00000000001184d8       0x40 binaries/lfdbfree.o
                                         0x58 (size before relaxing)
 .eh_frame      0x0000000000118518       0x50 binaries/lfflush.o
                                         0x68 (size before relaxing)
 .eh_frame      0x0000000000118568       0x14 binaries/lfgetmode.o
                                         0x2c (size before relaxing)
 .eh_frame      0x000000000011857c       0x44 binaries/lfiballoc.o
                                         0x5c (size before relaxing)
 .eh_frame      0x00000000001185c0       0x14 binaries/lfibclear.o
                                         0x2c (size before relaxing)
 .eh_frame      0x00000000001185d4       0x4c binaries/lfibget.o
                                         0x64 (size before relaxing)
 .eh_frame      0x0000000000118620       0x68 binaries/lfibput.o
                                         0x80 (size before relaxing)
 .eh_frame      0x0000000000118688       0x4c binaries/lflclose.o
                                         0x64 (size before relaxing)
 .eh_frame      0x00000000001186d4       0x68 binaries/lflcontrol.o
                                         0x80 (size before relaxing)
[...]
 .comment       0x0000000000000034       0x35 binaries/xsh_udpdump.o
 .comment       0x0000000000000034       0x35 binaries/xsh_udpecho.o
 .comment       0x0000000000000034       0x35 binaries/xsh_udpeserver.o
 .comment       0x0000000000000034       0x35 binaries/xsh_uptime.o

.note.GNU-stack
                0x0000000000000000        0x0
 .note.GNU-stack
                0x0000000000000000        0x0 binaries/addmem.o
 .note.GNU-stack
                0x0000000000000000        0x0 binaries/ascdate.o
 .note.GNU-stack
                0x0000000000000000        0x0 binaries/bufinit.o
 .note.GNU-stack
                0x0000000000000000        0x0 binaries/cbhandler.o
 .note.GNU-stack
                0x0000000000000000        0x0 binaries/child.o
 .note.GNU-stack
                0x0000000000000000        0x0 binaries/childcb.o
 .note.GNU-stack
                0x0000000000000000        0x0 binaries/childwait.o
 .note.GNU-stack
                0x0000000000000000        0x0 binaries/chprio.o
 .note.GNU-stack
                0x0000000000000000        0x0 binaries/clkhandler.o
 .note.GNU-stack
                0x0000000000000000        0x0 binaries/clkinit.o
 .note.GNU-stack
                0x0000000000000000        0x0 binaries/close.o
 .note.GNU-stack
                0x0000000000000000        0x0 binaries/conf.o
 .note.GNU-stack
                0x0000000000000000        0x0 binaries/control.o
 .note.GNU-stack
                0x0000000000000000        0x0 binaries/create.o
 .note.GNU-stack
                0x0000000000000000        0x0 binaries/early_imr.o
 .note.GNU-stack
                0x0000000000000000        0x0 binaries/evec.o
 .note.GNU-stack
                0x0000000000000000        0x0 binaries/freebuf.o
 .note.GNU-stack
                0x0000000000000000        0x0 binaries/freemem.o
 .note.GNU-stack
                0x0000000000000000        0x0 binaries/getbuf.o
 .note.GNU-stack
                0x0000000000000000        0x0 binaries/getcb.o
 .note.GNU-stack
                0x0000000000000000        0x0 binaries/getc.o
 .note.GNU-stack
                0x0000000000000000        0x0 binaries/getdev.o
 .note.GNU-stack
                0x0000000000000000        0x0 binaries/getinterrupts.o
 .note.GNU-stack
                0x0000000000000000        0x0 binaries/getitem.o
 .note.GNU-stack
                0x0000000000000000        0x0 binaries/getmem.o
 .note.GNU-stack
                0x0000000000000000        0x0 binaries/getpid.o
 .note.GNU-stack
                0x0000000000000000        0x0 binaries/getprio.o
 .note.GNU-stack
                0x0000000000000000        0x0 binaries/getsigqueue.o
 .note.GNU-stack
                0x0000000000000000        0x0 binaries/getstk.o
 .note.GNU-stack
                0x0000000000000000        0x0 binaries/gettime.o
 .note.GNU-stack
                0x0000000000000000        0x0 binaries/getutime.o
 .note.GNU-stack
                0x0000000000000000        0x0 binaries/init.o
 .note.GNU-stack
                0x0000000000000000        0x0 binaries/initialize.o
 .note.GNU-stack
                0x0000000000000000        0x0 binaries/insert.o
 .note.GNU-stack
                0x0000000000000000        0x0 binaries/insertd.o
 .note.GNU-stack
                0x0000000000000000        0x0 binaries/ioerr.o
 .note.GNU-stack
                0x0000000000000000        0x0 binaries/ionull.o
 .note.GNU-stack
                0x0000000000000000        0x0 binaries/kill.o
 .note.GNU-stack
                0x0000000000000000        0x0 binaries/kprintf.o
 .note.GNU-stack
                0x0000000000000000        0x0 binaries/main.o
 .note.GNU-stack
                0x0000000000000000        0x0 binaries/mark.o
 .note.GNU-stack
                0x0000000000000000        0x0 binaries/memclear.o
 .note.GNU-stack
                0x0000000000000000        0x0 binaries/meminit.o
 .note.GNU-stack
                0x0000000000000000        0x0 binaries/mkbufpool.o
 .note.GNU-stack
                0x0000000000000000        0x0 binaries/mrecv_cb.o
 .note.GNU-stack
                0x0000000000000000        0x0 binaries/newqueue.o
 .note.GNU-stack
                0x0000000000000000        0x0 binaries/open.o
 .note.GNU-stack
                0x0000000000000000        0x0 binaries/panic.o
 .note.GNU-stack
                0x0000000000000000        0x0 binaries/parent.o
 .note.GNU-stack
                0x0000000000000000        0x0 binaries/pci.o
 .note.GNU-stack
                0x0000000000000000        0x0 binaries/platinit.o
 .note.GNU-stack
                0x0000000000000000        0x0 binaries/ptclear.o
 .note.GNU-stack
                0x0000000000000000        0x0 binaries/ptcount.o
 .note.GNU-stack
                0x0000000000000000        0x0 binaries/ptcreate.o
 .note.GNU-stack
                0x0000000000000000        0x0 binaries/ptdelete.o
 .note.GNU-stack
                0x0000000000000000        0x0 binaries/ptinit.o
 .note.GNU-stack
                0x0000000000000000        0x0 binaries/ptrecv.o
 .note.GNU-stack
                0x0000000000000000        0x0 binaries/ptreset.o
 .note.GNU-stack
                0x0000000000000000        0x0 binaries/ptsend.o
 .note.GNU-stack
                0x0000000000000000        0x0 binaries/putc.o
 .note.GNU-stack
                0x0000000000000000        0x0 binaries/quark_irq.o
 .note.GNU-stack
                0x0000000000000000        0x0 binaries/quark_pdat.o
 .note.GNU-stack
                0x0000000000000000        0x0 binaries/queue.o
 .note.GNU-stack
                0x0000000000000000        0x0 binaries/read.o
 .note.GNU-stack
                0x0000000000000000        0x0 binaries/ready.o
 .note.GNU-stack
                0x0000000000000000        0x0 binaries/receive.o
 .note.GNU-stack
                0x0000000000000000        0x0 binaries/receivemsg.o
 .note.GNU-stack
                0x0000000000000000        0x0 binaries/recvcb.o
 .note.GNU-stack
                0x0000000000000000        0x0 binaries/recvclr.o
 .note.GNU-stack
                0x0000000000000000        0x0 binaries/recvtime.o
 .note.GNU-stack
                0x0000000000000000        0x0 binaries/removemem.o
 .note.GNU-stack
                0x0000000000000000        0x0 binaries/resched.o
 .note.GNU-stack
                0x0000000000000000        0x0 binaries/resume.o
 .note.GNU-stack
                0x0000000000000000        0x0 binaries/seek.o
 .note.GNU-stack
                0x0000000000000000        0x0 binaries/semcount.o
 .note.GNU-stack
                0x0000000000000000        0x0 binaries/semcreate.o
 .note.GNU-stack
                0x0000000000000000        0x0 binaries/semdelete.o
 .note.GNU-stack
                0x0000000000000000        0x0 binaries/semreset.o
 .note.GNU-stack
                0x0000000000000000        0x0 binaries/sendblk.o
 .note.GNU-stack
                0x0000000000000000        0x0 binaries/send.o
 .note.GNU-stack
                0x0000000000000000        0x0 binaries/sender.o
 .note.GNU-stack
                0x0000000000000000        0x0 binaries/sendmsg.o
 .note.GNU-stack
                0x0000000000000000        0x0 binaries/sigcbreg.o
 .note.GNU-stack
                0x0000000000000000        0x0 binaries/sigcbunreg.o
 .note.GNU-stack
                0x0000000000000000        0x0 binaries/signal.o
 .note.GNU-stack
                0x0000000000000000        0x0 binaries/signaln.o
 .note.GNU-stack
                0x0000000000000000        0x0 binaries/sleep.o
 .note.GNU-stack
                0x0000000000000000        0x0 binaries/suspend.o
 .note.GNU-stack
                0x0000000000000000        0x0 binaries/testmem.o
 .note.GNU-stack
                0x0000000000000000        0x0 binaries/testpart3.o
 .note.GNU-stack
                0x0000000000000000        0x0 binaries/testpart4.o
 .note.GNU-stack
                0x0000000000000000        0x0 binaries/unsleep.o
 .note.GNU-stack
                0x0000000000000000        0x0 binaries/userret.o
 .note.GNU-stack
                0x0000000000000000        0x0 binaries/wait.o
 .note.GNU-stack
                0x0000000000000000        0x0 binaries/wakeup.o
 .note.GNU-stack
                0x0000000000000000        0x0 binaries/write.o
 .note.GNU-stack
                0x0000000000000000        0x0 binaries/xdone.o
 .note.GNU-stack
                0x0000000000000000        0x0 binaries/xtmcb.o
 .note.GNU-stack
                0x0000000000000000        0x0 binaries/yield.o
 .note.GNU-stack
                0x0000000000000000        0x0 binaries/abs.o
 .note.GNU-stack
                0x0000000000000000        0x0 binaries/atoi.o
 .note.GNU-stack
                0x0000000000000000        0x0 binaries/atol.o
 .note.GNU-stack
                0x0000000000000000        0x0 binaries/bzero.o
 .note.GNU-stack
                0x0000000000000000        0x0 binaries/ctype_.o
 .note.GNU-stack
                0x0000000000000000        0x0 binaries/doprnt.o
 .note.GNU-stack
                0x0000000000000000        0x0 binaries/doscan.o
 .note.GNU-stack
                0x0000000000000000        0x0 binaries/fdoprnt.o
 .note.GNU-stack
                0x0000000000000000        0x0 binaries/fgetc.o
 .note.GNU-stack
                0x0000000000000000        0x0 binaries/fgets.o
 .note.GNU-stack
                0x0000000000000000        0x0 binaries/fprintf.o
 .note.GNU-stack
                0x0000000000000000        0x0 binaries/fputc.o
 .note.GNU-stack
                0x0000000000000000        0x0 binaries/fputs.o
 .note.GNU-stack
                0x0000000000000000        0x0 binaries/fscanf.o
 .note.GNU-stack
                0x0000000000000000        0x0 binaries/getchar.o
 .note.GNU-stack
                0x0000000000000000        0x0 binaries/labs.o
 .note.GNU-stack
                0x0000000000000000        0x0 binaries/memchr.o
 .note.GNU-stack
                0x0000000000000000        0x0 binaries/memcmp.o
 .note.GNU-stack
                0x0000000000000000        0x0 binaries/memcpy.o
 .note.GNU-stack
                0x0000000000000000        0x0 binaries/memset.o
 .note.GNU-stack
                0x0000000000000000        0x0 binaries/printf.o
 .note.GNU-stack
                0x0000000000000000        0x0 binaries/putchar.o
 .note.GNU-stack
                0x0000000000000000        0x0 binaries/qsort.o
 .note.GNU-stack
                0x0000000000000000        0x0 binaries/rand.o
 .note.GNU-stack
                0x0000000000000000        0x0 binaries/sprintf.o
 .note.GNU-stack
                0x0000000000000000        0x0 binaries/sscanf.o
 .note.GNU-stack
                0x0000000000000000        0x0 binaries/strchr.o
 .note.GNU-stack
                0x0000000000000000        0x0 binaries/strcmp.o
 .note.GNU-stack
                0x0000000000000000        0x0 binaries/strcpy.o
 .note.GNU-stack
                0x0000000000000000        0x0 binaries/strlen.o
 .note.GNU-stack
                0x0000000000000000        0x0 binaries/strncat.o
 .note.GNU-stack
                0x0000000000000000        0x0 binaries/strncmp.o
 .note.GNU-stack
                0x0000000000000000        0x0 binaries/strncpy.o
 .note.GNU-stack
                0x0000000000000000        0x0 binaries/strnlen.o
 .note.GNU-stack
                0x0000000000000000        0x0 binaries/strrchr.o
 .note.GNU-stack
                0x0000000000000000        0x0 binaries/strstr.o
 .note.GNU-stack
                0x0000000000000000        0x0 binaries/ttycontrol.o
 .note.GNU-stack
                0x0000000000000000        0x0 binaries/ttygetc.o
 .note.GNU-stack
                0x0000000000000000        0x0 binaries/ttyhandle_in.o
 .note.GNU-stack
                0x0000000000000000        0x0 binaries/ttyhandle_out.o
 .note.GNU-stack
                0x0000000000000000        0x0 binaries/ttyhandler.o
 .note.GNU-stack
                0x0000000000000000        0x0 binaries/ttyinit.o
 .note.GNU-stack
                0x0000000000000000        0x0 binaries/ttykickout.o
 .note.GNU-stack
                0x0000000000000000        0x0 binaries/ttyputc.o
 .note.GNU-stack
                0x0000000000000000        0x0 binaries/ttyread.o
 .note.GNU-stack
                0x0000000000000000        0x0 binaries/ttywrite.o
 .note.GNU-stack
                0x0000000000000000        0x0 binaries/mount.o
 .note.GNU-stack
                0x0000000000000000        0x0 binaries/naminit.o
 .note.GNU-stack
                0x0000000000000000        0x0 binaries/nammap.o
 .note.GNU-stack
                0x0000000000000000        0x0 binaries/namopen.o
 .note.GNU-stack
                0x0000000000000000        0x0 binaries/colon2mac.o
 .note.GNU-stack
                0x0000000000000000        0x0 binaries/ethcontrol.o
 .note.GNU-stack
                0x0000000000000000        0x0 binaries/ethhandler.o
 .note.GNU-stack
                0x0000000000000000        0x0 binaries/ethinit.o
 .note.GNU-stack
                0x0000000000000000        0x0 binaries/ethmcast.o
 .note.GNU-stack
                0x0000000000000000        0x0 binaries/ethread.o
 .note.GNU-stack
                0x0000000000000000        0x0 binaries/ethwrite.o
 .note.GNU-stack
                0x0000000000000000        0x0 binaries/rdsbufalloc.o
 .note.GNU-stack
                0x0000000000000000        0x0 binaries/rdsclose.o
 .note.GNU-stack
                0x0000000000000000        0x0 binaries/rdscomm.o
 .note.GNU-stack
                0x0000000000000000        0x0 binaries/rdscontrol.o
 .note.GNU-stack
                0x0000000000000000        0x0 binaries/rdsinit.o
 .note.GNU-stack
                0x0000000000000000        0x0 binaries/rdsopen.o
 .note.GNU-stack
                0x0000000000000000        0x0 binaries/rdsprocess.o
 .note.GNU-stack
                0x0000000000000000        0x0 binaries/rdsread.o
 .note.GNU-stack
                0x0000000000000000        0x0 binaries/rdswrite.o
 .note.GNU-stack
                0x0000000000000000        0x0 binaries/ramclose.o
 .note.GNU-stack
                0x0000000000000000        0x0 binaries/raminit.o
 .note.GNU-stack
                0x0000000000000000        0x0 binaries/ramopen.o
 .note.GNU-stack
                0x0000000000000000        0x0 binaries/ramread.o
 .note.GNU-stack
                0x0000000000000000        0x0 binaries/ramwrite.o
 .note.GNU-stack
                0x0000000000000000        0x0 binaries/lfdballoc.o
 .note.GNU-stack
                0x0000000000000000        0x0 binaries/lfdbfree.o
 .note.GNU-stack
                0x0000000000000000        0x0 binaries/lfflush.o
 .note.GNU-stack
                0x0000000000000000        0x0 binaries/lfgetmode.o
 .note.GNU-stack
                0x0000000000000000        0x0 binaries/lfiballoc.o
 .note.GNU-stack
                0x0000000000000000        0x0 binaries/lfibclear.o
 .note.GNU-stack
                0x0000000000000000        0x0 binaries/lfibget.o
 .note.GNU-stack
                0x0000000000000000        0x0 binaries/lfibput.o
 .note.GNU-stack
                0x0000000000000000        0x0 binaries/lflclose.o
 .note.GNU-stack
                0x0000000000000000        0x0 binaries/lflcontrol.o
 .note.GNU-stack
                0x0000000000000000        0x0 binaries/lflgetc.o
 .note.GNU-stack
                0x0000000000000000        0x0 binaries/lflinit.o
 .note.GNU-stack
                0x0000000000000000        0x0 binaries/lflputc.o
 .note.GNU-stack
                0x0000000000000000        0x0 binaries/lflread.o
 .note.GNU-stack
                0x0000000000000000        0x0 binaries/lflseek.o
 .note.GNU-stack
                0x0000000000000000        0x0 binaries/lflwrite.o
 .note.GNU-stack
                0x0000000000000000        0x0 binaries/lfsckfmt.o
 .note.GNU-stack
                0x0000000000000000        0x0 binaries/lfscreate.o
 .note.GNU-stack
                0x0000000000000000        0x0 binaries/lfsetup.o
 .note.GNU-stack
                0x0000000000000000        0x0 binaries/lfsinit.o
 .note.GNU-stack
                0x0000000000000000        0x0 binaries/lfsopen.o
 .note.GNU-stack
                0x0000000000000000        0x0 binaries/lftruncate.o
 .note.GNU-stack
                0x0000000000000000        0x0 binaries/rflclose.o
 .note.GNU-stack
                0x0000000000000000        0x0 binaries/rflgetc.o
 .note.GNU-stack
                0x0000000000000000        0x0 binaries/rflinit.o
 .note.GNU-stack
                0x0000000000000000        0x0 binaries/rflputc.o
 .note.GNU-stack
                0x0000000000000000        0x0 binaries/rflread.o
 .note.GNU-stack
                0x0000000000000000        0x0 binaries/rflseek.o
 .note.GNU-stack
                0x0000000000000000        0x0 binaries/rflwrite.o
 .note.GNU-stack
                0x0000000000000000        0x0 binaries/rfscomm.o
 .note.GNU-stack
                0x0000000000000000        0x0 binaries/rfscontrol.o
 .note.GNU-stack
                0x0000000000000000        0x0 binaries/rfsgetmode.o
 .note.GNU-stack
                0x0000000000000000        0x0 binaries/rfsinit.o
 .note.GNU-stack
                0x0000000000000000        0x0 binaries/rfsndmsg.o
 .note.GNU-stack
                0x0000000000000000        0x0 binaries/rfsopen.o
 .note.GNU-stack
                0x0000000000000000        0x0 binaries/arp.o
 .note.GNU-stack
                0x0000000000000000        0x0 binaries/dhcp.o
 .note.GNU-stack
                0x0000000000000000        0x0 binaries/dot2ip.o
 .note.GNU-stack
                0x0000000000000000        0x0 binaries/hexdump.o
 .note.GNU-stack
                0x0000000000000000        0x0 binaries/icmp.o
 .note.GNU-stack
                0x0000000000000000        0x0 binaries/ip.o
 .note.GNU-stack
                0x0000000000000000        0x0 binaries/net.o
 .note.GNU-stack
                0x0000000000000000        0x0 binaries/netstart.o
 .note.GNU-stack
                0x0000000000000000        0x0 binaries/pdump.o
 .note.GNU-stack
                0x0000000000000000        0x0 binaries/tftp.o
 .note.GNU-stack
                0x0000000000000000        0x0 binaries/udp.o
 .note.GNU-stack
                0x0000000000000000        0x0 binaries/addargs.o
 .note.GNU-stack
                0x0000000000000000        0x0 binaries/lexan.o
 .note.GNU-stack
                0x0000000000000000        0x0 binaries/shell.o
 .note.GNU-stack
                0x0000000000000000        0x0 binaries/xsh_argecho.o
 .note.GNU-stack
                0x0000000000000000        0x0 binaries/xsh_arp.o
 .note.GNU-stack
                0x0000000000000000        0x0 binaries/xsh_cat.o
 .note.GNU-stack
                0x0000000000000000        0x0 binaries/xsh_clear.o
 .note.GNU-stack
                0x0000000000000000        0x0 binaries/xsh_date.o
 .note.GNU-stack
                0x0000000000000000        0x0 binaries/xsh_devdump.o
 .note.GNU-stack
                0x0000000000000000        0x0 binaries/xsh_echo.o
 .note.GNU-stack
                0x0000000000000000        0x0 binaries/xsh_exit.o
 .note.GNU-stack
                0x0000000000000000        0x0 binaries/xsh_help.o
 .note.GNU-stack
                0x0000000000000000        0x0 binaries/xsh_ipaddr.o
 .note.GNU-stack
                0x0000000000000000        0x0 binaries/xsh_kill.o
 .note.GNU-stack
                0x0000000000000000        0x0 binaries/xsh_memdump.o
 .note.GNU-stack
                0x0000000000000000        0x0 binaries/xsh_memstat.o
 .note.GNU-stack
                0x0000000000000000        0x0 binaries/xsh_ping.o
 .note.GNU-stack
                0x0000000000000000        0x0 binaries/xsh_ps.o
 .note.GNU-stack
                0x0000000000000000        0x0 binaries/xsh_sleep.o
 .note.GNU-stack
                0x0000000000000000        0x0 binaries/xsh_udpdump.o
 .note.GNU-stack
                0x0000000000000000        0x0 binaries/xsh_udpecho.o
 .note.GNU-stack
                0x0000000000000000        0x0 binaries/xsh_udpeserver.o
 .note.GNU-stack
                0x0000000000000000        0x0 binaries/xsh_uptime.o
