
Allocating common symbols
Common symbol       size              file

netbufpool          0x4               binaries/net.o
readylist           0x2               binaries/ready.o
rfltab              0x5a0             binaries/rflinit.o
sleepq              0x2               binaries/clkinit.o
nnames              0x4               binaries/naminit.o
udptab              0x168             binaries/udp.o
minheap             0x4               binaries/meminit.o
marks               0x50              binaries/mark.o
currpid             0x4               binaries/initialize.o
Lf_data             0x20c             binaries/lfsinit.o
porttab             0x2d0             binaries/ptinit.o
girmask             0x2               binaries/evec.o
ttytab              0x10c             binaries/ttyinit.o
proctab             0x2ee0            binaries/initialize.o
prcount             0x4               binaries/initialize.o
lfltab              0xf00             binaries/lflinit.o
rdstab              0x8c              binaries/rdsinit.o
ethertab            0x138             binaries/ethinit.o
NetData             0xa8              binaries/net.o
nmarks              0x4               binaries/mark.o
Defer               0x8               binaries/resched.o
semtab              0x4b0             binaries/initialize.o
maxheap             0x4               binaries/meminit.o
preempt             0x4               binaries/clkinit.o
buftab              0xf0              binaries/bufinit.o
Rf_data             0x18              binaries/rfsinit.o
mkmutex             0x4               binaries/mark.o
clktime             0x4               binaries/clkinit.o
arpcache            0x140             binaries/arp.o
icmptab             0x230             binaries/icmp.o
nbpools             0x4               binaries/bufinit.o
queuetab            0xfc0             binaries/queue.o
ptnextid            0x4               binaries/ptinit.o
Ram                 0x19000           binaries/raminit.o
ipoqueue            0x2c              binaries/ip.o
memlist             0x8               binaries/initialize.o
nametab             0x19a0            binaries/naminit.o
ptfree              0x4               binaries/ptinit.o

Memory Configuration

Name             Origin             Length             Attributes
*default*        0x0000000000000000 0xffffffffffffffff

Linker script and memory map

                0x0000000000100000                physbase = 0x100000
                0x0000000000100000                . = physbase
                0x0000000000100000                . = ALIGN (0x1000)

.text           0x0000000000100000    0x15000
                0x0000000000100000                text = ABSOLUTE (.)
 *(.text .text.*)
 .text          0x0000000000100000      0x1a8 binaries/start.o
                0x0000000000100024                start
                0x00000000001000f6                inb
                0x00000000001000fe                inw
                0x0000000000100107                inl
                0x000000000010010f                outb
                0x0000000000100119                outw
                0x0000000000100124                outl
                0x000000000010012e                _rtcin
                0x0000000000100139                ___udivsi3
                0x0000000000100144                ___divsi3
                0x0000000000100150                sbzero
                0x0000000000100160                bcopy
                0x0000000000100174                insw
                0x000000000010018a                outsw
                0x00000000001001a0                lidt
 .text          0x00000000001001a8      0x2d5 binaries/ascdate.o
                0x00000000001001a8                ascdate
 .text          0x000000000010047d       0x10 binaries/bufinit.o
                0x000000000010047d                bufinit
 .text          0x000000000010048d       0x5c binaries/cbhandler.o
                0x000000000010048d                cbhandler
 .text          0x00000000001004e9        0x9 binaries/child.o
                0x00000000001004e9                child
 .text          0x00000000001004f2        0x6 binaries/childcb.o
                0x00000000001004f2                childcb
 .text          0x00000000001004f8       0x72 binaries/childwait.o
                0x00000000001004f8                childwait
 .text          0x000000000010056a       0x6c binaries/chprio.o
                0x000000000010056a                chprio
 .text          0x00000000001005d6       0x73 binaries/clkhandler.o
                0x00000000001005d6                clkhandler
 .text          0x0000000000100649       0x59 binaries/clkinit.o
                0x0000000000100649                clkinit
 .text          0x00000000001006a2       0x56 binaries/close.o
                0x00000000001006a2                close
 .text          0x00000000001006f8        0x0 binaries/conf.o
 .text          0x00000000001006f8       0x5f binaries/control.o
                0x00000000001006f8                control
 .text          0x0000000000100757      0x2a8 binaries/create.o
                0x0000000000100757                create
 .text          0x00000000001009ff      0x205 binaries/early_imr.o
                0x00000000001009ff                intel_cln_early_sb_read_reg
                0x0000000000100a57                intel_cln_early_sb_write_reg
                0x0000000000100b06                remove_irm_protections
 .text          0x0000000000100c04      0x2e6 binaries/evec.o
                0x0000000000100c04                setirmask
                0x0000000000100c38                set_evec
                0x0000000000100c94                initevec
                0x0000000000100d63                trap
 .text          0x0000000000100eea       0x78 binaries/freebuf.o
                0x0000000000100eea                freebuf
 .text          0x0000000000100f62      0x107 binaries/freemem.o
                0x0000000000100f62                freemem
 .text          0x0000000000101069       0x65 binaries/getbuf.o
                0x0000000000101069                getbuf
 .text          0x00000000001010ce      0x268 binaries/getcb.o
                0x00000000001010ce                getcbrcv
                0x00000000001011a6                getcbchl
                0x000000000010126e                getcbxtm
 .text          0x0000000000101336       0x56 binaries/getc.o
                0x0000000000101336                getc
 .text          0x000000000010138c       0x63 binaries/getdev.o
                0x000000000010138c                getdev
 .text          0x00000000001013ef       0x31 binaries/getinterrupts.o
                0x00000000001013ef                getinterrupts
 .text          0x0000000000101420       0x77 binaries/getitem.o
                0x0000000000101420                getitem
                0x000000000010144c                getfirst
                0x000000000010146f                getlast
 .text          0x0000000000101497       0xc2 binaries/getmem.o
                0x0000000000101497                getmem
 .text          0x0000000000101559        0x6 binaries/getpid.o
                0x0000000000101559                getpid
 .text          0x000000000010155f       0x64 binaries/getprio.o
                0x000000000010155f                getprio
 .text          0x00000000001015c3       0x31 binaries/getsigqueue.o
                0x00000000001015c3                getsigqueue
 .text          0x00000000001015f4       0xa5 binaries/getstk.o
                0x00000000001015f4                getstk
 .text          0x0000000000101699       0x34 binaries/gettime.o
                0x0000000000101699                gettime
 .text          0x00000000001016cd      0x19d binaries/getutime.o
                0x00000000001016cd                getutime
 .text          0x000000000010186a       0x56 binaries/init.o
                0x000000000010186a                init
 .text          0x00000000001018c0      0x237 binaries/initialize.o
                0x00000000001018c0                nulluser
                0x0000000000101ab2                stop
                0x0000000000101ad4                delay
 .text          0x0000000000101af7       0xa0 binaries/insert.o
                0x0000000000101af7                insert
 .text          0x0000000000101b97       0xe9 binaries/insertd.o
                0x0000000000101b97                insertd
 .text          0x0000000000101c80        0x6 binaries/ioerr.o
                0x0000000000101c80                ioerr
 .text          0x0000000000101c86        0x6 binaries/ionull.o
                0x0000000000101c86                ionull
 .text          0x0000000000101c8c      0x219 binaries/kill.o
                0x0000000000101c8c                kill
 .text          0x0000000000101ea5       0xa5 binaries/kprintf.o
                0x0000000000101ea5                kputc
                0x0000000000101ed4                console_init
                0x0000000000101f06                kgetc
                0x0000000000101f28                kprintf
 .text          0x0000000000101f4a       0xc2 binaries/main.o
                0x0000000000101f4a                main
 .text          0x000000000010200c       0x93 binaries/mark.o
                0x000000000010200c                markinit
                0x0000000000102029                mark
 .text          0x000000000010209f      0x1d7 binaries/meminit.o
                0x000000000010209f                meminit
                0x0000000000102208                setsegs
 .text          0x0000000000102276      0x12a binaries/mkbufpool.o
                0x0000000000102276                mkbufpool
 .text          0x00000000001023a0       0x1f binaries/mrecv_cb.o
                0x00000000001023a0                mrecv_cb
 .text          0x00000000001023bf       0x5e binaries/newqueue.o
                0x00000000001023bf                newqueue
 .text          0x000000000010241d       0x5e binaries/open.o
                0x000000000010241d                open
 .text          0x000000000010247b       0x1e binaries/panic.o
                0x000000000010247b                panic
 .text          0x0000000000102499       0xc4 binaries/parent.o
                0x0000000000102499                parent
 .text          0x000000000010255d      0x27c binaries/pci.o
                0x000000000010255d                pci_init
                0x0000000000102563                find_pci_device
                0x0000000000102621                pci_read_config_byte
                0x000000000010265e                pci_read_config_word
                0x000000000010269d                pci_read_config_dword
                0x00000000001026da                pci_write_config_byte
                0x0000000000102715                pci_write_config_word
                0x0000000000102751                pci_write_config_dword
                0x000000000010278c                pci_get_dev_mmio_base_addr
 .text          0x00000000001027d9       0x4f binaries/platinit.o
                0x00000000001027d9                platinit
 .text          0x0000000000102828       0xa3 binaries/ptclear.o
                0x0000000000102828                _ptclear
 .text          0x00000000001028cb       0x7c binaries/ptcount.o
                0x00000000001028cb                ptcount
 .text          0x0000000000102947       0xeb binaries/ptcreate.o
                0x0000000000102947                ptcreate
 .text          0x0000000000102a32       0x64 binaries/ptdelete.o
                0x0000000000102a32                ptdelete
 .text          0x0000000000102a96       0x88 binaries/ptinit.o
                0x0000000000102a96                ptinit
 .text          0x0000000000102b1e       0xec binaries/ptrecv.o
                0x0000000000102b1e                ptrecv
 .text          0x0000000000102c0a       0x67 binaries/ptreset.o
                0x0000000000102c0a                ptreset
 .text          0x0000000000102c71      0x10d binaries/ptsend.o
                0x0000000000102c71                ptsend
 .text          0x0000000000102d7e       0x5c binaries/putc.o
                0x0000000000102d7e                putc
 .text          0x0000000000102dda       0xb6 binaries/quark_irq.o
                0x0000000000102dda                quark_irq_routing
 .text          0x0000000000102e90      0x19d binaries/quark_pdat.o
                0x0000000000102e90                get_quark_pdat_entry_data_by_id
                0x0000000000102f5d                get_quark_pdat_entry_data_by_desc
 .text          0x000000000010302d       0xb7 binaries/queue.o
                0x000000000010302d                enqueue
                0x0000000000103099                dequeue
 .text          0x00000000001030e4       0x5e binaries/read.o
                0x00000000001030e4                read
 .text          0x0000000000103142       0x6c binaries/ready.o
                0x0000000000103142                ready
 .text          0x00000000001031ae       0xef binaries/receive.o
                0x00000000001031ae                receive
 .text          0x000000000010329d       0x40 binaries/receivemsg.o
                0x000000000010329d                receivemsg
 .text          0x00000000001032dd       0x1f binaries/recvcb.o
                0x00000000001032dd                recvcb
 .text          0x00000000001032fc       0x54 binaries/recvclr.o
                0x00000000001032fc                recvclr
 .text          0x0000000000103350       0xc2 binaries/recvtime.o
                0x0000000000103350                recvtime
 .text          0x0000000000103412      0x1ed binaries/resched.o
                0x0000000000103412                resched
                0x000000000010358c                resched_cntl
 .text          0x00000000001035ff       0x87 binaries/resume.o
                0x00000000001035ff                resume
 .text          0x0000000000103686       0x5a binaries/seek.o
                0x0000000000103686                seek
 .text          0x00000000001036e0       0x4f binaries/semcount.o
                0x00000000001036e0                semcount
 .text          0x000000000010372f       0x86 binaries/semcreate.o
                0x000000000010372f                semcreate
 .text          0x00000000001037b5       0xc3 binaries/semdelete.o
                0x00000000001037b5                semdelete
 .text          0x0000000000103878       0xa7 binaries/semreset.o
                0x0000000000103878                semreset
 .text          0x000000000010391f      0x125 binaries/sendblk.o
                0x000000000010391f                sendblk
 .text          0x0000000000103a44      0x101 binaries/send.o
                0x0000000000103a44                send
 .text          0x0000000000103b45       0x31 binaries/sender.o
                0x0000000000103b45                sender
 .text          0x0000000000103b76       0x1e binaries/sendmsg.o
                0x0000000000103b76                sendmsg
 .text          0x0000000000103b94       0xbb binaries/sigcbreg.o
                0x0000000000103b94                sigcbreg
 .text          0x0000000000103c4f      0x132 binaries/sigcbunreg.o
                0x0000000000103c4f                sigcbunreg
 .text          0x0000000000103d81       0x95 binaries/signal.o
                0x0000000000103d81                signal
 .text          0x0000000000103e16       0xb2 binaries/signaln.o
                0x0000000000103e16                signaln
 .text          0x0000000000103ec8       0xce binaries/sleep.o
                0x0000000000103ec8                sleepms
                0x0000000000103f60                sleep
 .text          0x0000000000103f96       0xd3 binaries/suspend.o
                0x0000000000103f96                suspend
 .text          0x0000000000104069        0x1 binaries/testpart3.o
                0x0000000000104069                testpart3
 .text          0x000000000010406a        0x1 binaries/testpart4.o
                0x000000000010406a                testpart4
 .text          0x000000000010406b       0x9a binaries/unsleep.o
                0x000000000010406b                unsleep
 .text          0x0000000000104105       0x15 binaries/userret.o
                0x0000000000104105                userret
 .text          0x000000000010411a       0xb7 binaries/wait.o
                0x000000000010411a                wait
 .text          0x00000000001041d1       0x6d binaries/wakeup.o
                0x00000000001041d1                wakeup
 .text          0x000000000010423e       0x5e binaries/write.o
                0x000000000010423e                write
 .text          0x000000000010429c       0x16 binaries/xdone.o
                0x000000000010429c                xdone
 .text          0x00000000001042b2       0x16 binaries/xtmcb.o
                0x00000000001042b2                xtmcb
 .text          0x00000000001042c8       0x23 binaries/yield.o
                0x00000000001042c8                yield
 .text          0x00000000001042eb        0xe binaries/abs.o
                0x00000000001042eb                abs
 .text          0x00000000001042f9       0x7d binaries/atoi.o
                0x00000000001042f9                atoi
 .text          0x0000000000104376       0x7d binaries/atol.o
                0x0000000000104376                atol
 .text          0x00000000001043f3       0x18 binaries/bzero.o
                0x00000000001043f3                bzero
 .text          0x000000000010440b        0x0 binaries/ctype_.o
 .text          0x000000000010440b      0x6e7 binaries/doprnt.o
                0x000000000010455f                _doprnt
 .text          0x0000000000104af2      0x678 binaries/doscan.o
                0x0000000000104af2                _doscan
 .text          0x000000000010516a      0x6a9 binaries/fdoprnt.o
                0x00000000001051ee                _fdoprnt
 .text          0x0000000000105813       0x1c binaries/fgetc.o
                0x0000000000105813                fgetc
 .text          0x000000000010582f       0x5c binaries/fgets.o
                0x000000000010582f                fgets
 .text          0x000000000010588b       0x23 binaries/fprintf.o
                0x000000000010588b                fprintf
 .text          0x00000000001058ae       0x29 binaries/fputc.o
                0x00000000001058ae                fputc
 .text          0x00000000001058d7       0x3b binaries/fputs.o
                0x00000000001058d7                fputs
 .text          0x0000000000105912       0x6a binaries/fscanf.o
                0x000000000010594c                fscanf
 .text          0x000000000010597c       0x25 binaries/getchar.o
                0x000000000010597c                getchar
 .text          0x00000000001059a1        0xe binaries/labs.o
                0x00000000001059a1                labs
 .text          0x00000000001059af       0x32 binaries/memchr.o
                0x00000000001059af                memchr
 .text          0x00000000001059e1       0x49 binaries/memcmp.o
                0x00000000001059e1                memcmp
 .text          0x0000000000105a2a       0x25 binaries/memcpy.o
                0x0000000000105a2a                memcpy
 .text          0x0000000000105a4f       0x1e binaries/memset.o
                0x0000000000105a4f                memset
 .text          0x0000000000105a6d       0x38 binaries/printf.o
                0x0000000000105a6d                printf
 .text          0x0000000000105aa5       0x29 binaries/putchar.o
                0x0000000000105aa5                putchar
 .text          0x0000000000105ace      0x1cb binaries/qsort.o
                0x0000000000105c6e                qsort
 .text          0x0000000000105c99       0x45 binaries/rand.o
                0x0000000000105c99                srand
                0x0000000000105ca3                rand
 .text          0x0000000000105cde       0x49 binaries/sprintf.o
                0x0000000000105cf5                sprintf
 .text          0x0000000000105d27       0x57 binaries/sscanf.o
                0x0000000000105d50                sscanf
 .text          0x0000000000105d7e       0x2d binaries/strchr.o
                0x0000000000105d7e                strchr
 .text          0x0000000000105dab       0x43 binaries/strcmp.o
                0x0000000000105dab                strcmp
 .text          0x0000000000105dee       0x1a binaries/strcpy.o
                0x0000000000105dee                strcpy
 .text          0x0000000000105e08       0x1c binaries/strlen.o
                0x0000000000105e08                strlen
 .text          0x0000000000105e24       0x3c binaries/strncat.o
                0x0000000000105e24                strncat
 .text          0x0000000000105e60       0x3a binaries/strncmp.o
                0x0000000000105e60                strncmp
 .text          0x0000000000105e9a       0x58 binaries/strncpy.o
                0x0000000000105e9a                strncpy
 .text          0x0000000000105ef2       0x36 binaries/strnlen.o
                0x0000000000105ef2                strnlen
 .text          0x0000000000105f28       0x30 binaries/strrchr.o
                0x0000000000105f28                strrchr
 .text          0x0000000000105f58       0x66 binaries/strstr.o
                0x0000000000105f58                strstr
 .text          0x0000000000105fbe      0x10a binaries/ttycontrol.o
                0x0000000000105fbe                ttycontrol
 .text          0x00000000001060c8       0xaa binaries/ttygetc.o
                0x00000000001060c8                ttygetc
 .text          0x0000000000106172      0x48a binaries/ttyhandle_in.o
                0x0000000000106228                ttyhandle_in
 .text          0x00000000001065fc      0x14c binaries/ttyhandle_out.o
                0x00000000001065fc                ttyhandle_out
 .text          0x0000000000106748       0x84 binaries/ttyhandler.o
                0x0000000000106748                ttyhandler
 .text          0x00000000001067cc      0x15a binaries/ttyinit.o
                0x00000000001067cc                ttyinit
 .text          0x0000000000106926        0xc binaries/ttykickout.o
                0x0000000000106926                ttykickout
 .text          0x0000000000106932       0xac binaries/ttyputc.o
                0x0000000000106932                ttyputc
 .text          0x00000000001069de       0xf3 binaries/ttyread.o
                0x00000000001069de                ttyread
 .text          0x0000000000106ad1       0x46 binaries/ttywrite.o
                0x0000000000106ad1                ttywrite
 .text          0x0000000000106b17      0x125 binaries/mount.o
                0x0000000000106b17                namlen
                0x0000000000106b4f                mount
 .text          0x0000000000106c3c      0x196 binaries/naminit.o
                0x0000000000106c3c                naminit
 .text          0x0000000000106dd2      0x1ff binaries/nammap.o
                0x0000000000106dd2                namrepl
                0x0000000000106ef3                namcpy
                0x0000000000106f40                nammap
 .text          0x0000000000106fd1       0x4e binaries/namopen.o
                0x0000000000106fd1                namopen
 .text          0x000000000010701f       0xce binaries/colon2mac.o
                0x000000000010701f                colon2mac
 .text          0x00000000001070ed       0x81 binaries/ethcontrol.o
                0x00000000001070ed                ethcontrol
 .text          0x000000000010716e      0x162 binaries/ethhandler.o
                0x000000000010716e                ethhandler
 .text          0x00000000001072d0      0x500 binaries/ethinit.o
                0x00000000001072d0                eth_phy_read
                0x000000000010730d                eth_phy_write
                0x000000000010734d                eth_phy_reset
                0x0000000000107427                ethinit
 .text          0x00000000001077d0       0xee binaries/ethmcast.o
                0x00000000001077d0                ethmcast_add
                0x000000000010781d                ethmcast_remove
 .text          0x00000000001078be      0x14f binaries/ethread.o
                0x00000000001078be                ethread
 .text          0x0000000000107a0d       0xc3 binaries/ethwrite.o
                0x0000000000107a0d                ethwrite
 .text          0x0000000000107ad0       0x66 binaries/rdsbufalloc.o
                0x0000000000107ad0                rdsbufalloc
 .text          0x0000000000107b36       0xc2 binaries/rdsclose.o
                0x0000000000107b36                rdsclose
 .text          0x0000000000107bf8      0x1ea binaries/rdscomm.o
                0x0000000000107bf8                rdscomm
 .text          0x0000000000107de2      0x1c2 binaries/rdscontrol.o
                0x0000000000107de2                rdscontrol
 .text          0x0000000000107fa4      0x1e3 binaries/rdsinit.o
                0x0000000000107fa4                rdsinit
 .text          0x0000000000108187      0x1a1 binaries/rdsopen.o
                0x0000000000108187                rdsopen
 .text          0x0000000000108328      0x2ab binaries/rdsprocess.o
                0x0000000000108328                rdsprocess
 .text          0x00000000001085d3      0x1e2 binaries/rdsread.o
                0x00000000001085d3                rdsread
 .text          0x00000000001087b5      0x1ac binaries/rdswrite.o
                0x00000000001087b5                rdswrite
 .text          0x0000000000108961        0x6 binaries/ramclose.o
                0x0000000000108961                ramclose
 .text          0x0000000000108967       0x34 binaries/raminit.o
                0x0000000000108967                raminit
 .text          0x000000000010899b        0x7 binaries/ramopen.o
                0x000000000010899b                ramopen
 .text          0x00000000001089a2       0x27 binaries/ramread.o
                0x00000000001089a2                ramread
 .text          0x00000000001089c9       0x27 binaries/ramwrite.o
                0x00000000001089c9                ramwrite
 .text          0x00000000001089f0       0x87 binaries/lfdballoc.o
                0x00000000001089f0                lfdballoc
 .text          0x0000000000108a77       0x4d binaries/lfdbfree.o
                0x0000000000108a77                lfdbfree
 .text          0x0000000000108ac4       0x9f binaries/lfflush.o
                0x0000000000108ac4                lfflush
 .text          0x0000000000108b63       0x7a binaries/lfgetmode.o
                0x0000000000108b63                lfgetmode
 .text          0x0000000000108bdd       0x5f binaries/lfiballoc.o
                0x0000000000108bdd                lfiballoc
 .text          0x0000000000108c3c       0x25 binaries/lfibclear.o
                0x0000000000108c3c                lfibclear
 .text          0x0000000000108c61       0x74 binaries/lfibget.o
                0x0000000000108c61                lfibget
 .text          0x0000000000108cd5       0x91 binaries/lfibput.o
                0x0000000000108cd5                lfibput
 .text          0x0000000000108d66       0xa1 binaries/lflclose.o
                0x0000000000108d66                lflclose
 .text          0x0000000000108e07       0xbe binaries/lflcontrol.o
                0x0000000000108e07                lflcontrol
 .text          0x0000000000108ec5       0xf8 binaries/lflgetc.o
                0x0000000000108ec5                lflgetc
 .text          0x0000000000108fbd       0xe4 binaries/lflinit.o
                0x0000000000108fbd                lflinit
 .text          0x00000000001090a1      0x123 binaries/lflputc.o
                0x00000000001090a1                lflputc
 .text          0x00000000001091c4       0x6a binaries/lflread.o
                0x00000000001091c4                lflread
 .text          0x000000000010922e       0xb8 binaries/lflseek.o
                0x000000000010922e                lflseek
 .text          0x00000000001092e6       0x4e binaries/lflwrite.o
                0x00000000001092e6                lflwrite
 .text          0x0000000000109334      0x11a binaries/lfsckfmt.o
                0x0000000000109334                lfsckfmt
 .text          0x000000000010944e      0x1bd binaries/lfscreate.o
                0x000000000010944e                lfscreate
 .text          0x000000000010960b      0x1a4 binaries/lfsetup.o
                0x000000000010960b                lfsetup
 .text          0x00000000001097af       0x44 binaries/lfsinit.o
                0x00000000001097af                lfsinit
 .text          0x00000000001097f3      0x2ff binaries/lfsopen.o
                0x00000000001097f3                lfsopen
 .text          0x0000000000109af2      0x11d binaries/lftruncate.o
                0x0000000000109af2                lftruncate
 .text          0x0000000000109c0f       0x69 binaries/rflclose.o
                0x0000000000109c0f                rflclose
 .text          0x0000000000109c78       0x2b binaries/rflgetc.o
                0x0000000000109c78                rflgetc
 .text          0x0000000000109ca3       0x69 binaries/rflinit.o
                0x0000000000109ca3                rflinit
 .text          0x0000000000109d0c       0x2c binaries/rflputc.o
                0x0000000000109d0c                rflputc
 .text          0x0000000000109d38      0x2ce binaries/rflread.o
                0x0000000000109d38                rflread
 .text          0x000000000010a006       0x69 binaries/rflseek.o
                0x000000000010a006                rflseek
 .text          0x000000000010a06f      0x2ec binaries/rflwrite.o
                0x000000000010a06f                rflwrite
 .text          0x000000000010a35b      0x17c binaries/rfscomm.o
                0x000000000010a35b                rfscomm
 .text          0x000000000010a4d7      0x246 binaries/rfscontrol.o
                0x000000000010a4d7                rfscontrol
 .text          0x000000000010a71d       0x7a binaries/rfsgetmode.o
                0x000000000010a71d                rfsgetmode
 .text          0x000000000010a797       0x7d binaries/rfsinit.o
                0x000000000010a797                rfsinit
 .text          0x000000000010a814       0xb7 binaries/rfsndmsg.o
                0x000000000010a814                rfsndmsg
 .text          0x000000000010a8cb      0x24f binaries/rfsopen.o
                0x000000000010a8cb                rfsopen
 .text          0x000000000010ab1a      0x619 binaries/arp.o
                0x000000000010ab1a                arp_init
                0x000000000010ab32                arp_alloc
                0x000000000010abd6                arp_ntoh
                0x000000000010ac40                arp_hton
                0x000000000010acaa                arp_resolve
                0x000000000010aefc                arp_in
 .text          0x000000000010b133      0x59d binaries/dhcp.o
                0x000000000010b133                dhcp_get_opt_val
                0x000000000010b186                dhcp_bld_bootp_msg
                0x000000000010b254                dhcp_bld_disc
                0x000000000010b2a4                dhcp_bld_req
                0x000000000010b33e                getlocalip
 .text          0x000000000010b6d0       0xd7 binaries/dot2ip.o
                0x000000000010b6d0                dot2ip
 .text          0x000000000010b7a7      0x379 binaries/hexdump.o
                0x000000000010b7a7                hexdump
                0x000000000010b8f7                hexadump
 .text          0x000000000010bb20      0x6dc binaries/icmp.o
                0x000000000010bb20                icmp_init
                0x000000000010bb38                icmp_register
                0x000000000010bbf6                icmp_recv
                0x000000000010bd99                icmp_mkpkt
                0x000000000010be6a                icmp_in
                0x000000000010bffd                icmp_send
                0x000000000010c06c                icmp_release
                0x000000000010c17b                icmp_cksum
                0x000000000010c1d4                icmp_hton
                0x000000000010c1e8                icmp_ntoh
 .text          0x000000000010c1fc      0x5ca binaries/ip.o
                0x000000000010c1fc                ip_local
                0x000000000010c23c                ipcksum
                0x000000000010c289                ip_ntoh
                0x000000000010c2f3                ip_in
                0x000000000010c416                ip_hton
                0x000000000010c480                ip_out
                0x000000000010c533                ip_send
                0x000000000010c63f                ipout
                0x000000000010c72f                ip_enqueue
 .text          0x000000000010c7c6      0x1a8 binaries/net.o
                0x000000000010c7c6                net_init
                0x000000000010c8bc                eth_hton
                0x000000000010c8c6                eth_ntoh
                0x000000000010c8d0                netin
 .text          0x000000000010c96e       0xb3 binaries/netstart.o
                0x000000000010c96e                netstart
 .text          0x000000000010ca21      0xa2d binaries/pdump.o
                0x000000000010ca21                pdump
                0x000000000010d005                pdumph
 .text          0x000000000010d44e      0x5c8 binaries/tftp.o
                0x000000000010d44e                tftp_send1
                0x000000000010d56a                tftpget_mb
                0x000000000010d9ef                tftpget
 .text          0x000000000010da16      0x9fe binaries/udp.o
                0x000000000010da16                udp_init
                0x000000000010da53                udp_in
                0x000000000010db72                udp_register
                0x000000000010dc8f                udp_recv
                0x000000000010de1c                udp_recvaddr
                0x000000000010dfbd                udp_send
                0x000000000010e178                udp_sendto
                0x000000000010e2eb                udp_release
                0x000000000010e3ec                udp_ntoh
                0x000000000010e400                udp_hton
 .text          0x000000000010e414      0x12c binaries/addargs.o
                0x000000000010e414                addargs
 .text          0x000000000010e540      0x1e2 binaries/lexan.o
                0x000000000010e540                lexan
 .text          0x000000000010e722      0x5b8 binaries/shell.o
                0x000000000010e722                shell
 .text          0x000000000010ecda       0x57 binaries/xsh_argecho.o
                0x000000000010ecda                xsh_argecho
 .text          0x000000000010ed31      0x1f8 binaries/xsh_arp.o
                0x000000000010ed31                xsh_arp
 .text          0x000000000010ef29      0x211 binaries/xsh_cat.o
                0x000000000010ef29                xsh_cat
 .text          0x000000000010f13a       0x59 binaries/xsh_clear.o
                0x000000000010f13a                xsh_clear
 .text          0x000000000010f193      0x28f binaries/xsh_date.o
                0x000000000010f193                xsh_date
 .text          0x000000000010f422       0x89 binaries/xsh_devdump.o
                0x000000000010f422                xsh_devdump
 .text          0x000000000010f4ab       0x5e binaries/xsh_echo.o
                0x000000000010f4ab                xsh_echo
 .text          0x000000000010f509        0x6 binaries/xsh_exit.o
                0x000000000010f509                xsh_exit
 .text          0x000000000010f50f      0x332 binaries/xsh_help.o
                0x000000000010f50f                xsh_help
 .text          0x000000000010f841      0x391 binaries/xsh_ipaddr.o
                0x000000000010f841                xsh_ipaddr
 .text          0x000000000010fbd2      0x1df binaries/xsh_kill.o
                0x000000000010fbd2                xsh_kill
 .text          0x000000000010fdb1      0x3f5 binaries/xsh_memdump.o
                0x000000000010fe73                xsh_memdump
 .text          0x00000000001101a6      0x1d7 binaries/xsh_memstat.o
                0x00000000001101a6                xsh_memstat
 .text          0x000000000011037d      0x2cb binaries/xsh_ping.o
                0x000000000011037d                xsh_ping
 .text          0x0000000000110648      0x1ac binaries/xsh_ps.o
                0x0000000000110648                xsh_ps
 .text          0x00000000001107f4      0x1cc binaries/xsh_sleep.o
                0x00000000001107f4                xsh_sleep
 .text          0x00000000001109c0      0x1d8 binaries/xsh_udpdump.o
                0x00000000001109c0                xsh_udpdump
 .text          0x0000000000110b98      0x406 binaries/xsh_udpecho.o
                0x0000000000110b98                xsh_udpecho
 .text          0x0000000000110f9e      0x243 binaries/xsh_udpeserver.o
                0x0000000000110f9e                xsh_udpeserver
 .text          0x00000000001111e1      0x1c0 binaries/xsh_uptime.o
                0x00000000001111e1                xsh_uptime
 .text          0x00000000001113a1       0x13 binaries/clkdisp.o
                0x00000000001113a1                clkdisp
 .text          0x00000000001113b4       0x19 binaries/ctxsw.o
                0x00000000001113b4                ctxsw
 .text          0x00000000001113cd      0x368 binaries/intr.o
                0x00000000001113cd                disable
                0x00000000001113d6                restore
                0x00000000001113e4                enable
                0x00000000001113e6                pause
                0x00000000001113ed                halt
                0x00000000001113f0                spurious_irq7
                0x00000000001113f5                spurious_irq15
                0x0000000000111404                _Xint0
                0x000000000011140f                _Xint1
                0x000000000011141a                _Xint2
                0x0000000000111425                _Xint3
                0x0000000000111430                _Xint4
                0x000000000011143b                _Xint5
                0x0000000000111446                _Xint6
                0x0000000000111451                _Xint7
                0x000000000011145c                _Xint8
                0x0000000000111467                _Xint9
                0x0000000000111472                _Xint10
                0x000000000011147d                _Xint11
                0x000000000011148b                _Xint12
                0x0000000000111499                _Xint13
                0x00000000001114a7                _Xint14
                0x00000000001114b5                _Xint15
                0x00000000001114c3                _Xint16
                0x00000000001114d1                _Xint17
                0x00000000001114df                _Xint18
                0x00000000001114ed                _Xint19
                0x00000000001114fb                _Xint20
                0x0000000000111509                _Xint21
                0x0000000000111517                _Xint22
                0x0000000000111525                _Xint23
                0x0000000000111533                _Xint24
                0x0000000000111541                _Xint25
                0x000000000011154f                _Xint26
                0x000000000011155d                _Xint27
                0x000000000011156b                _Xint28
                0x0000000000111579                _Xint29
                0x0000000000111587                _Xint30
                0x0000000000111595                _Xint31
                0x00000000001115a3                _Xint32
                0x00000000001115b1                _Xint33
                0x00000000001115bf                _Xint34
                0x00000000001115cd                _Xint35
                0x00000000001115db                _Xint36
                0x00000000001115e9                _Xint37
                0x00000000001115f7                _Xint38
                0x0000000000111605                _Xint39
                0x0000000000111613                _Xint40
                0x0000000000111621                _Xint41
                0x000000000011162f                _Xint42
                0x000000000011163d                _Xint43
                0x000000000011164b                _Xint44
                0x0000000000111659                _Xint45
                0x0000000000111667                _Xint46
                0x0000000000111675                defevec
 .text          0x0000000000111735        0xf binaries/ttydispatch.o
                0x0000000000111735                ttydispatch
 .text          0x0000000000111744       0x13 binaries/ethdispatch.o
                0x0000000000111744                ethdispatch
 *(.rodata .rodata.*)
 .rodata.str1.1
                0x0000000000111757       0x54 binaries/ascdate.o
 *fill*         0x00000000001117ab        0x1 
 .rodata.str1.4
                0x00000000001117ac       0x22 binaries/ascdate.o
 .rodata.str1.1
                0x00000000001117ce       0x5f binaries/conf.o
 *fill*         0x000000000011182d        0x3 
 .rodata.str1.4
                0x0000000000111830       0x4f binaries/early_imr.o
 *fill*         0x000000000011187f        0x1 
 .rodata        0x0000000000111880       0x33 binaries/early_imr.o
 .rodata.str1.1
                0x00000000001118b3      0x20c binaries/evec.o
 *fill*         0x0000000000111abf        0x1 
 .rodata.str1.4
                0x0000000000111ac0       0x23 binaries/evec.o
 .rodata.str1.1
                0x0000000000111ae3        0xb binaries/getutime.o
 *fill*         0x0000000000111aee        0x2 
 .rodata.str1.4
                0x0000000000111af0       0x54 binaries/getutime.o
 .rodata.str1.1
                0x0000000000111b44       0x63 binaries/initialize.o
                                         0x67 (size before relaxing)
 *fill*         0x0000000000111ba7        0x1 
 .rodata.str1.4
                0x0000000000111ba8       0xd4 binaries/initialize.o
 .rodata        0x0000000000111c7c       0x20 binaries/kill.o
 .rodata.str1.1
                0x0000000000111c9c       0x4e binaries/main.o
 *fill*         0x0000000000111cea        0x2 
 .rodata.str1.4
                0x0000000000111cec      0x16b binaries/main.o
 *fill*         0x0000000000111e57        0x1 
 .rodata.str1.4
                0x0000000000111e58       0x23 binaries/meminit.o
 .rodata.str1.1
                0x0000000000111e7b       0x1b binaries/meminit.o
 .rodata.str1.1
                0x0000000000111e96        0x4 binaries/mrecv_cb.o
 .rodata.str1.1
                0x0000000000111e96        0xf binaries/panic.o
 *fill*         0x0000000000111ea5        0x3 
 .rodata.str1.4
                0x0000000000111ea8       0x3f binaries/parent.o
 .rodata.str1.1
                0x0000000000111ee7       0x1d binaries/parent.o
 .rodata.str1.1
                0x0000000000111f04       0x1c binaries/ptinit.o
 .rodata.str1.4
                0x0000000000111f20       0x25 binaries/ptsend.o
 .rodata.str1.1
                0x0000000000111f45       0x22 binaries/quark_pdat.o
 .rodata.str1.1
                0x0000000000111f67        0x4 binaries/receivemsg.o
 .rodata.str1.1
                0x0000000000111f67        0x4 binaries/recvcb.o
 .rodata.str1.1
                0x0000000000111f67       0x12 binaries/sender.o
 .rodata.str1.1
                0x0000000000111f79        0xe binaries/sendmsg.o
 *fill*         0x0000000000111f87        0x1 
 .rodata.str1.4
                0x0000000000111f88       0x27 binaries/xdone.o
 .rodata.str1.1
                0x0000000000111faf       0x11 binaries/xtmcb.o
 .rodata        0x0000000000111fc0       0x81 binaries/ctype_.o
                0x0000000000111fc0                _ctype_
 .rodata.str1.1
                0x0000000000112041       0x29 binaries/doprnt.o
 *fill*         0x000000000011206a        0x2 
 .rodata        0x000000000011206c       0xc4 binaries/doprnt.o
 .rodata        0x0000000000112130       0x98 binaries/doscan.o
 .rodata.str1.1
                0x00000000001121c8       0x29 binaries/fdoprnt.o
 .rodata        0x00000000001121c8       0x84 binaries/fdoprnt.o
 .rodata        0x000000000011224c       0x20 binaries/ttycontrol.o
 .rodata.str1.4
                0x000000000011226c       0x4c binaries/naminit.o
 .rodata.str1.1
                0x00000000001122b8       0x32 binaries/naminit.o
                                         0x35 (size before relaxing)
 .rodata.str1.1
                0x00000000001122ea       0x15 binaries/ethinit.o
 *fill*         0x00000000001122ff        0x1 
 .rodata.str1.4
                0x0000000000112300       0x2e binaries/ethinit.o
 *fill*         0x000000000011232e        0x2 
 .rodata.str1.4
                0x0000000000112330       0x2c binaries/rdsbufalloc.o
 .rodata.str1.4
                0x000000000011235c       0x76 binaries/rdscomm.o
 *fill*         0x00000000001123d2        0x2 
 .rodata.str1.4
                0x00000000001123d4       0x48 binaries/rdscontrol.o
 .rodata.str1.4
                0x000000000011241c       0x7e binaries/rdsinit.o
 .rodata.str1.1
                0x000000000011249a       0x18 binaries/rdsinit.o
 *fill*         0x00000000001124b2        0x2 
 .rodata.str1.4
                0x00000000001124b4       0x22 binaries/rdsopen.o
 *fill*         0x00000000001124d6        0x2 
 .rodata.str1.4
                0x00000000001124d8       0x4d binaries/rdsprocess.o
 .rodata.str1.1
                0x0000000000112525        0x9 binaries/raminit.o
 .rodata.str1.1
                0x000000000011252e       0x13 binaries/lfdballoc.o
 *fill*         0x0000000000112541        0x3 
 .rodata.str1.4
                0x0000000000112544       0x23 binaries/lfdballoc.o
 .rodata.str1.1
                0x0000000000112567       0x14 binaries/lfiballoc.o
 *fill*         0x000000000011257b        0x1 
 .rodata.str1.4
                0x000000000011257c       0x23 binaries/lflcontrol.o
 .rodata.str1.1
                0x000000000011259f       0x64 binaries/lfsckfmt.o
 *fill*         0x0000000000112603        0x1 
 .rodata.str1.4
                0x0000000000112604       0x51 binaries/lfsckfmt.o
 *fill*         0x0000000000112655        0x3 
 .rodata.str1.4
                0x0000000000112658       0x21 binaries/rflread.o
 .rodata.str1.4
                0x0000000000112679       0x21 binaries/rflwrite.o
 *fill*         0x0000000000112679        0x3 
 .rodata.str1.4
                0x000000000011267c       0x75 binaries/rfscomm.o
 *fill*         0x00000000001126f1        0x3 
 .rodata.str1.4
                0x00000000001126f4       0x23 binaries/rfscontrol.o
 *fill*         0x0000000000112717        0x1 
 .rodata        0x0000000000112718       0x18 binaries/rfscontrol.o
 .rodata.str1.1
                0x0000000000112730       0x10 binaries/rfsinit.o
 .rodata.str1.4
                0x0000000000112730       0x57 binaries/rfsinit.o
 *fill*         0x0000000000112787        0x1 
 .rodata.str1.4
                0x0000000000112788       0x2a binaries/rfsndmsg.o
 .rodata.str1.4
                0x00000000001127b2       0x22 binaries/rfsopen.o
 .rodata.str1.1
                0x00000000001127b2       0x19 binaries/arp.o
 *fill*         0x00000000001127cb        0x1 
 .rodata.str1.4
                0x00000000001127cc       0x21 binaries/arp.o
 *fill*         0x00000000001127ed        0x3 
 .rodata.str1.4
                0x00000000001127f0       0xa6 binaries/dhcp.o
 .rodata.str1.1
                0x0000000000112896       0x4a binaries/dhcp.o
 .rodata.str1.1
                0x00000000001128e0       0x5a binaries/hexdump.o
                                         0x61 (size before relaxing)
 *fill*         0x000000000011293a        0x2 
 .rodata.str1.4
                0x000000000011293c       0x67 binaries/hexdump.o
 *fill*         0x00000000001129a3        0x1 
 .rodata.str1.4
                0x00000000001129a4       0x29 binaries/icmp.o
 .rodata.str1.1
                0x00000000001129cd       0x4e binaries/ip.o
 *fill*         0x0000000000112a1b        0x1 
 .rodata.str1.4
                0x0000000000112a1c       0x20 binaries/ip.o
 .rodata.str1.4
                0x0000000000112a3c       0x28 binaries/net.o
 .rodata.str1.1
                0x0000000000112a64       0x27 binaries/net.o
 *fill*         0x0000000000112a8b        0x1 
 .rodata.str1.4
                0x0000000000112a8c       0xcf binaries/netstart.o
 .rodata.str1.1
                0x0000000000112b5b      0x141 binaries/pdump.o
                                        0x14b (size before relaxing)
 .rodata.str1.4
                0x0000000000112c9c      0x126 binaries/pdump.o
 *fill*         0x0000000000112dc2        0x2 
 .rodata.str1.4
                0x0000000000112dc4      0x148 binaries/tftp.o
 .rodata.str1.1
                0x0000000000112f0c        0x6 binaries/tftp.o
                                          0xa (size before relaxing)
 .rodata.str1.1
                0x0000000000112f12       0xe3 binaries/shell.o
                                         0xff (size before relaxing)
 *fill*         0x0000000000112ff5        0x3 
 .rodata.str1.4
                0x0000000000112ff8      0x1c4 binaries/shell.o
 *fill*         0x00000000001131bc        0x4 
 .rodata        0x00000000001131c0       0xfc binaries/shell.o
                0x00000000001131c0                cmdtab
 .rodata.str1.1
                0x00000000001132bc       0x26 binaries/xsh_argecho.o
                                         0x28 (size before relaxing)
 .rodata.str1.1
                0x00000000001132e2       0x70 binaries/xsh_arp.o
                                         0x72 (size before relaxing)
 *fill*         0x0000000000113352        0x2 
 .rodata.str1.4
                0x0000000000113354       0xb4 binaries/xsh_arp.o
 .rodata.str1.1
                0x0000000000113408       0x2d binaries/xsh_cat.o
                                         0x4f (size before relaxing)
 *fill*         0x0000000000113435        0x3 
 .rodata.str1.4
                0x0000000000113438       0x52 binaries/xsh_cat.o
                                         0x79 (size before relaxing)
 .rodata.str1.1
                0x000000000011348a       0x15 binaries/xsh_clear.o
 .rodata.str1.1
                0x000000000011349f       0x46 binaries/xsh_date.o
                                         0x5f (size before relaxing)
 *fill*         0x00000000001134e5        0x3 
 .rodata.str1.4
                0x00000000001134e8      0x163 binaries/xsh_date.o
 .rodata.str1.1
                0x000000000011364b       0x5d binaries/xsh_devdump.o
 .rodata.str1.1
                0x00000000001136a8        0x4 binaries/xsh_echo.o
                                          0x9 (size before relaxing)
 .rodata.str1.1
                0x00000000001136ac       0x65 binaries/xsh_help.o
                                         0xa3 (size before relaxing)
 *fill*         0x0000000000113711        0x3 
 .rodata.str1.4
                0x0000000000113714       0x7c binaries/xsh_help.o
                                         0xc6 (size before relaxing)
 .rodata.str1.1
                0x0000000000113790       0x9c binaries/xsh_ipaddr.o
                                         0xf8 (size before relaxing)
 .rodata.str1.4
                0x000000000011382c       0x4d binaries/xsh_ipaddr.o
                                         0x99 (size before relaxing)
 .rodata.str1.1
                0x0000000000113879       0x78 binaries/xsh_kill.o
                                         0x97 (size before relaxing)
 *fill*         0x00000000001138f1        0x3 
 .rodata.str1.4
                0x00000000001138f4       0x4a binaries/xsh_kill.o
                                         0x96 (size before relaxing)
 .rodata.str1.1
                0x000000000011393e       0x84 binaries/xsh_memdump.o
                                         0xa8 (size before relaxing)
 *fill*         0x00000000001139c2        0x2 
 .rodata.str1.4
                0x00000000001139c4      0x15a binaries/xsh_memdump.o
                                        0x1aa (size before relaxing)
 .rodata.str1.1
                0x0000000000113b1e       0x40 binaries/xsh_memstat.o
                                         0x79 (size before relaxing)
 *fill*         0x0000000000113b5e        0x2 
 .rodata.str1.4
                0x0000000000113b60      0x187 binaries/xsh_memstat.o
                                        0x1af (size before relaxing)
 .rodata.str1.1
                0x0000000000113ce7       0x90 binaries/xsh_ping.o
                                         0xaf (size before relaxing)
 *fill*         0x0000000000113d77        0x1 
 .rodata.str1.4
                0x0000000000113d78       0x77 binaries/xsh_ping.o
                                         0xc6 (size before relaxing)
 .rodata.str1.1
                0x0000000000113def       0x74 binaries/xsh_ps.o
                                         0xd5 (size before relaxing)
 *fill*         0x0000000000113e63        0x1 
 .rodata.str1.4
                0x0000000000113e64       0x80 binaries/xsh_ps.o
                                         0xd0 (size before relaxing)
 *fill*         0x0000000000113ee4       0x1c 
 .rodata        0x0000000000113f00       0x20 binaries/xsh_ps.o
 .rodata.str1.1
                0x0000000000113f20       0x31 binaries/xsh_sleep.o
                                         0x72 (size before relaxing)
 *fill*         0x0000000000113f51        0x3 
 .rodata.str1.4
                0x0000000000113f54       0x2a binaries/xsh_sleep.o
                                         0x7a (size before relaxing)
 .rodata.str1.1
                0x0000000000113f7e       0x6b binaries/xsh_udpdump.o
                                         0xd2 (size before relaxing)
 *fill*         0x0000000000113fe9        0x3 
 .rodata.str1.4
                0x0000000000113fec       0x94 binaries/xsh_udpdump.o
                                         0xe4 (size before relaxing)
 .rodata.str1.1
                0x0000000000114080       0xdb binaries/xsh_udpecho.o
                                         0xfa (size before relaxing)
 *fill*         0x000000000011415b        0x1 
 .rodata.str1.4
                0x000000000011415c       0xc7 binaries/xsh_udpecho.o
                                        0x116 (size before relaxing)
 .rodata.str1.1
                0x0000000000114223       0x66 binaries/xsh_udpeserver.o
                                         0x8f (size before relaxing)
 *fill*         0x0000000000114289        0x3 
 .rodata.str1.4
                0x000000000011428c       0x29 binaries/xsh_udpeserver.o
                                         0x9f (size before relaxing)
 .rodata.str1.1
                0x00000000001142b5       0x49 binaries/xsh_uptime.o
                                         0x8c (size before relaxing)
 *fill*         0x00000000001142fe        0x2 
 .rodata.str1.4
                0x0000000000114300       0x28 binaries/xsh_uptime.o
                                         0x76 (size before relaxing)
                0x0000000000114328                etext = ABSOLUTE (.)
                0x0000000000115000                . = ALIGN (0x1000)
 *fill*         0x0000000000114328      0xcd8 

.eh_frame       0x0000000000115000     0x6a1c
 .eh_frame      0x0000000000115000       0x78 binaries/ascdate.o
 .eh_frame      0x0000000000115078       0x14 binaries/bufinit.o
                                         0x2c (size before relaxing)
 .eh_frame      0x000000000011508c       0x2c binaries/cbhandler.o
                                         0x44 (size before relaxing)
 .eh_frame      0x00000000001150b8       0x14 binaries/child.o
                                         0x2c (size before relaxing)
 .eh_frame      0x00000000001150cc       0x14 binaries/childcb.o
                                         0x2c (size before relaxing)
 .eh_frame      0x00000000001150e0       0x34 binaries/childwait.o
                                         0x4c (size before relaxing)
 .eh_frame      0x0000000000115114       0x40 binaries/chprio.o
                                         0x58 (size before relaxing)
 .eh_frame      0x0000000000115154       0x18 binaries/clkhandler.o
                                         0x30 (size before relaxing)
 .eh_frame      0x000000000011516c       0x3c binaries/clkinit.o
                                         0x54 (size before relaxing)
 .eh_frame      0x00000000001151a8       0x3c binaries/close.o
                                         0x54 (size before relaxing)
 .eh_frame      0x00000000001151e4       0x44 binaries/control.o
                                         0x5c (size before relaxing)
 .eh_frame      0x0000000000115228       0x5c binaries/create.o
                                         0x74 (size before relaxing)
 .eh_frame      0x0000000000115284      0x148 binaries/early_imr.o
                                        0x160 (size before relaxing)
 .eh_frame      0x00000000001153cc      0x1a8 binaries/evec.o
                                        0x1c0 (size before relaxing)
 .eh_frame      0x0000000000115574       0x50 binaries/freebuf.o
                                         0x68 (size before relaxing)
 .eh_frame      0x00000000001155c4       0x58 binaries/freemem.o
                                         0x70 (size before relaxing)
 .eh_frame      0x000000000011561c       0x40 binaries/getbuf.o
                                         0x58 (size before relaxing)
 .eh_frame      0x000000000011565c       0xb4 binaries/getcb.o
                                         0xcc (size before relaxing)
 .eh_frame      0x0000000000115710       0x3c binaries/getc.o
                                         0x54 (size before relaxing)
 .eh_frame      0x000000000011574c       0x5c binaries/getdev.o
                                         0x74 (size before relaxing)
 .eh_frame      0x00000000001157a8       0x28 binaries/getinterrupts.o
                                         0x40 (size before relaxing)
 .eh_frame      0x00000000001157d0       0x4c binaries/getitem.o
                                         0x64 (size before relaxing)
 .eh_frame      0x000000000011581c       0x50 binaries/getmem.o
                                         0x68 (size before relaxing)
 .eh_frame      0x000000000011586c       0x14 binaries/getpid.o
                                         0x2c (size before relaxing)
 .eh_frame      0x0000000000115880       0x34 binaries/getprio.o
                                         0x4c (size before relaxing)
 .eh_frame      0x00000000001158b4       0x28 binaries/getsigqueue.o
                                         0x40 (size before relaxing)
 .eh_frame      0x00000000001158dc       0x58 binaries/getstk.o
                                         0x70 (size before relaxing)
 .eh_frame      0x0000000000115934       0x20 binaries/gettime.o
                                         0x38 (size before relaxing)
 .eh_frame      0x0000000000115954       0x8c binaries/getutime.o
                                         0xa4 (size before relaxing)
 .eh_frame      0x00000000001159e0       0x3c binaries/init.o
                                         0x54 (size before relaxing)
 .eh_frame      0x0000000000115a1c       0xdc binaries/initialize.o
                                         0xf4 (size before relaxing)
 .eh_frame      0x0000000000115af8       0x24 binaries/insert.o
                                         0x3c (size before relaxing)
 .eh_frame      0x0000000000115b1c       0x38 binaries/insertd.o
                                         0x50 (size before relaxing)
 .eh_frame      0x0000000000115b54       0x14 binaries/ioerr.o
                                         0x2c (size before relaxing)
 .eh_frame      0x0000000000115b68       0x14 binaries/ionull.o
                                         0x2c (size before relaxing)
 .eh_frame      0x0000000000115b7c       0x80 binaries/kill.o
                                         0x98 (size before relaxing)
 .eh_frame      0x0000000000115bfc       0x80 binaries/kprintf.o
                                         0x98 (size before relaxing)
 .eh_frame      0x0000000000115c7c       0x2c binaries/main.o
                                         0x44 (size before relaxing)
 .eh_frame      0x0000000000115ca8       0x4c binaries/mark.o
                                         0x64 (size before relaxing)
 .eh_frame      0x0000000000115cf4       0x74 binaries/meminit.o
                                         0x8c (size before relaxing)
 .eh_frame      0x0000000000115d68       0x74 binaries/mkbufpool.o
                                         0x8c (size before relaxing)
 .eh_frame      0x0000000000115ddc       0x20 binaries/mrecv_cb.o
                                         0x38 (size before relaxing)
 .eh_frame      0x0000000000115dfc       0x14 binaries/newqueue.o
                                         0x2c (size before relaxing)
 .eh_frame      0x0000000000115e10       0x44 binaries/open.o
                                         0x5c (size before relaxing)
 .eh_frame      0x0000000000115e54       0x20 binaries/panic.o
                                         0x38 (size before relaxing)
 .eh_frame      0x0000000000115e74       0x84 binaries/parent.o
                                         0x9c (size before relaxing)
 .eh_frame      0x0000000000115ef8       0xec binaries/pci.o
                                        0x104 (size before relaxing)
 .eh_frame      0x0000000000115fe4       0x38 binaries/platinit.o
                                         0x50 (size before relaxing)
 .eh_frame      0x000000000011601c       0x68 binaries/ptclear.o
                                         0x80 (size before relaxing)
 .eh_frame      0x0000000000116084       0x50 binaries/ptcount.o
                                         0x68 (size before relaxing)
 .eh_frame      0x00000000001160d4       0x60 binaries/ptcreate.o
                                         0x78 (size before relaxing)
 .eh_frame      0x0000000000116134       0x44 binaries/ptdelete.o
                                         0x5c (size before relaxing)
 .eh_frame      0x0000000000116178       0x3c binaries/ptinit.o
                                         0x54 (size before relaxing)
 .eh_frame      0x00000000001161b4       0x54 binaries/ptrecv.o
                                         0x6c (size before relaxing)
 .eh_frame      0x0000000000116208       0x44 binaries/ptreset.o
                                         0x5c (size before relaxing)
 .eh_frame      0x000000000011624c       0x5c binaries/ptsend.o
                                         0x74 (size before relaxing)
 .eh_frame      0x00000000001162a8       0x44 binaries/putc.o
                                         0x5c (size before relaxing)
 .eh_frame      0x00000000001162ec       0x60 binaries/quark_irq.o
                                         0x78 (size before relaxing)
 .eh_frame      0x000000000011634c       0xd0 binaries/quark_pdat.o
                                         0xe8 (size before relaxing)
 .eh_frame      0x000000000011641c       0x3c binaries/queue.o
                                         0x54 (size before relaxing)
 .eh_frame      0x0000000000116458       0x44 binaries/read.o
                                         0x5c (size before relaxing)
 .eh_frame      0x000000000011649c       0x28 binaries/ready.o
                                         0x40 (size before relaxing)
 .eh_frame      0x00000000001164c4       0x4c binaries/receive.o
                                         0x64 (size before relaxing)
 .eh_frame      0x0000000000116510       0x2c binaries/receivemsg.o
                                         0x44 (size before relaxing)
 .eh_frame      0x000000000011653c       0x20 binaries/recvcb.o
                                         0x38 (size before relaxing)
 .eh_frame      0x000000000011655c       0x28 binaries/recvclr.o
                                         0x40 (size before relaxing)
 .eh_frame      0x0000000000116584       0x50 binaries/recvtime.o
                                         0x68 (size before relaxing)
 .eh_frame      0x00000000001165d4       0x64 binaries/resched.o
                                         0x7c (size before relaxing)
 .eh_frame      0x0000000000116638       0x48 binaries/resume.o
                                         0x60 (size before relaxing)
 .eh_frame      0x0000000000116680       0x40 binaries/seek.o
                                         0x58 (size before relaxing)
 .eh_frame      0x00000000001166c0       0x34 binaries/semcount.o
                                         0x4c (size before relaxing)
 .eh_frame      0x00000000001166f4       0x40 binaries/semcreate.o
                                         0x58 (size before relaxing)
 .eh_frame      0x0000000000116734       0x5c binaries/semdelete.o
                                         0x74 (size before relaxing)
 .eh_frame      0x0000000000116790       0x68 binaries/semreset.o
                                         0x80 (size before relaxing)
 .eh_frame      0x00000000001167f8       0x5c binaries/sendblk.o
                                         0x74 (size before relaxing)
 .eh_frame      0x0000000000116854       0x58 binaries/send.o
                                         0x70 (size before relaxing)
 .eh_frame      0x00000000001168ac       0x30 binaries/sender.o
                                         0x48 (size before relaxing)
 .eh_frame      0x00000000001168dc       0x20 binaries/sendmsg.o
                                         0x38 (size before relaxing)
 .eh_frame      0x00000000001168fc       0x34 binaries/sigcbreg.o
                                         0x4c (size before relaxing)
 .eh_frame      0x0000000000116930       0x50 binaries/sigcbunreg.o
                                         0x68 (size before relaxing)
 .eh_frame      0x0000000000116980       0x50 binaries/signal.o
                                         0x68 (size before relaxing)
 .eh_frame      0x00000000001169d0       0x5c binaries/signaln.o
                                         0x74 (size before relaxing)
 .eh_frame      0x0000000000116a2c       0x74 binaries/sleep.o
                                         0x8c (size before relaxing)
 .eh_frame      0x0000000000116aa0       0x50 binaries/suspend.o
                                         0x68 (size before relaxing)
 .eh_frame      0x0000000000116af0       0x14 binaries/testpart3.o
                                         0x2c (size before relaxing)
 .eh_frame      0x0000000000116b04       0x14 binaries/testpart4.o
                                         0x2c (size before relaxing)
 .eh_frame      0x0000000000116b18       0x44 binaries/unsleep.o
                                         0x5c (size before relaxing)
 .eh_frame      0x0000000000116b5c       0x20 binaries/userret.o
                                         0x38 (size before relaxing)
 .eh_frame      0x0000000000116b7c       0x54 binaries/wait.o
                                         0x6c (size before relaxing)
 .eh_frame      0x0000000000116bd0       0x2c binaries/wakeup.o
                                         0x44 (size before relaxing)
 .eh_frame      0x0000000000116bfc       0x44 binaries/write.o
                                         0x5c (size before relaxing)
 .eh_frame      0x0000000000116c40       0x1c binaries/xdone.o
                                         0x34 (size before relaxing)
 .eh_frame      0x0000000000116c5c       0x1c binaries/xtmcb.o
                                         0x34 (size before relaxing)
 .eh_frame      0x0000000000116c78       0x28 binaries/yield.o
                                         0x40 (size before relaxing)
 .eh_frame      0x0000000000116ca0       0x14 binaries/abs.o
                                         0x2c (size before relaxing)
 .eh_frame      0x0000000000116cb4       0x24 binaries/atoi.o
                                         0x3c (size before relaxing)
 .eh_frame      0x0000000000116cd8       0x24 binaries/atol.o
                                         0x3c (size before relaxing)
 .eh_frame      0x0000000000116cfc       0x14 binaries/bzero.o
                                         0x2c (size before relaxing)
 .eh_frame      0x0000000000116d10      0x130 binaries/doprnt.o
                                        0x148 (size before relaxing)
 .eh_frame      0x0000000000116e40      0x104 binaries/doscan.o
                                        0x11c (size before relaxing)
 .eh_frame      0x0000000000116f44       0xf4 binaries/fdoprnt.o
                                        0x10c (size before relaxing)
 .eh_frame      0x0000000000117038       0x20 binaries/fgetc.o
                                         0x38 (size before relaxing)
 .eh_frame      0x0000000000117058       0x44 binaries/fgets.o
                                         0x5c (size before relaxing)
 .eh_frame      0x000000000011709c       0x24 binaries/fprintf.o
                                         0x3c (size before relaxing)
 .eh_frame      0x00000000001170c0       0x20 binaries/fputc.o
                                         0x38 (size before relaxing)
 .eh_frame      0x00000000001170e0       0x38 binaries/fputs.o
                                         0x50 (size before relaxing)
 .eh_frame      0x0000000000117118       0x6c binaries/fscanf.o
                                         0x84 (size before relaxing)
 .eh_frame      0x0000000000117184       0x1c binaries/getchar.o
                                         0x34 (size before relaxing)
 .eh_frame      0x00000000001171a0       0x14 binaries/labs.o
                                         0x2c (size before relaxing)
 .eh_frame      0x00000000001171b4       0x14 binaries/memchr.o
                                         0x2c (size before relaxing)
 .eh_frame      0x00000000001171c8       0x24 binaries/memcmp.o
                                         0x3c (size before relaxing)
 .eh_frame      0x00000000001171ec       0x24 binaries/memcpy.o
                                         0x3c (size before relaxing)
 .eh_frame      0x0000000000117210       0x1c binaries/memset.o
                                         0x34 (size before relaxing)
 .eh_frame      0x000000000011722c       0x24 binaries/printf.o
                                         0x3c (size before relaxing)
 .eh_frame      0x0000000000117250       0x20 binaries/putchar.o
                                         0x38 (size before relaxing)
 .eh_frame      0x0000000000117270       0xc0 binaries/qsort.o
                                         0xd8 (size before relaxing)
 .eh_frame      0x0000000000117330       0x28 binaries/rand.o
                                         0x40 (size before relaxing)
 .eh_frame      0x0000000000117358       0x48 binaries/sprintf.o
                                         0x60 (size before relaxing)
 .eh_frame      0x00000000001173a0       0x54 binaries/sscanf.o
                                         0x6c (size before relaxing)
 .eh_frame      0x00000000001173f4       0x1c binaries/strchr.o
                                         0x34 (size before relaxing)
 .eh_frame      0x0000000000117410       0x1c binaries/strcmp.o
                                         0x34 (size before relaxing)
 .eh_frame      0x000000000011742c       0x14 binaries/strcpy.o
                                         0x2c (size before relaxing)
 .eh_frame      0x0000000000117440       0x14 binaries/strlen.o
                                         0x2c (size before relaxing)
 .eh_frame      0x0000000000117454       0x2c binaries/strncat.o
                                         0x44 (size before relaxing)
 .eh_frame      0x0000000000117480       0x1c binaries/strncmp.o
                                         0x34 (size before relaxing)
 .eh_frame      0x000000000011749c       0x30 binaries/strncpy.o
                                         0x48 (size before relaxing)
 .eh_frame      0x00000000001174cc       0x1c binaries/strnlen.o
                                         0x34 (size before relaxing)
 .eh_frame      0x00000000001174e8       0x1c binaries/strrchr.o
                                         0x34 (size before relaxing)
 .eh_frame      0x0000000000117504       0x38 binaries/strstr.o
                                         0x50 (size before relaxing)
 .eh_frame      0x000000000011753c       0x48 binaries/ttycontrol.o
                                         0x60 (size before relaxing)
 .eh_frame      0x0000000000117584       0x38 binaries/ttygetc.o
                                         0x50 (size before relaxing)
 .eh_frame      0x00000000001175bc       0xd8 binaries/ttyhandle_in.o
                                         0xf0 (size before relaxing)
 .eh_frame      0x0000000000117694       0x64 binaries/ttyhandle_out.o
                                         0x7c (size before relaxing)
 .eh_frame      0x00000000001176f8       0x54 binaries/ttyhandler.o
                                         0x6c (size before relaxing)
 .eh_frame      0x000000000011774c       0x48 binaries/ttyinit.o
                                         0x60 (size before relaxing)
 .eh_frame      0x0000000000117794       0x14 binaries/ttykickout.o
                                         0x2c (size before relaxing)
 .eh_frame      0x00000000001177a8       0x58 binaries/ttyputc.o
                                         0x70 (size before relaxing)
 .eh_frame      0x0000000000117800       0x60 binaries/ttyread.o
                                         0x78 (size before relaxing)
 .eh_frame      0x0000000000117860       0x38 binaries/ttywrite.o
                                         0x50 (size before relaxing)
 .eh_frame      0x0000000000117898       0x78 binaries/mount.o
                                         0x90 (size before relaxing)
 .eh_frame      0x0000000000117910       0xe4 binaries/naminit.o
                                         0xfc (size before relaxing)
 .eh_frame      0x00000000001179f4       0xe8 binaries/nammap.o
                                        0x100 (size before relaxing)
 .eh_frame      0x0000000000117adc       0x3c binaries/namopen.o
                                         0x54 (size before relaxing)
 .eh_frame      0x0000000000117b18       0x3c binaries/colon2mac.o
                                         0x54 (size before relaxing)
 .eh_frame      0x0000000000117b54       0x40 binaries/ethcontrol.o
                                         0x58 (size before relaxing)
 .eh_frame      0x0000000000117b94       0x58 binaries/ethhandler.o
                                         0x70 (size before relaxing)
 .eh_frame      0x0000000000117bec      0x14c binaries/ethinit.o
                                        0x164 (size before relaxing)
 .eh_frame      0x0000000000117d38       0xa0 binaries/ethmcast.o
                                         0xb8 (size before relaxing)
 .eh_frame      0x0000000000117dd8       0x80 binaries/ethread.o
                                         0x98 (size before relaxing)
 .eh_frame      0x0000000000117e58       0x44 binaries/ethwrite.o
                                         0x5c (size before relaxing)
 .eh_frame      0x0000000000117e9c       0x30 binaries/rdsbufalloc.o
                                         0x48 (size before relaxing)
 .eh_frame      0x0000000000117ecc       0x38 binaries/rdsclose.o
                                         0x50 (size before relaxing)
 .eh_frame      0x0000000000117f04       0x8c binaries/rdscomm.o
                                         0xa4 (size before relaxing)
 .eh_frame      0x0000000000117f90       0xb0 binaries/rdscontrol.o
                                         0xc8 (size before relaxing)
 .eh_frame      0x0000000000118040       0x90 binaries/rdsinit.o
                                         0xa8 (size before relaxing)
 .eh_frame      0x00000000001180d0       0x74 binaries/rdsopen.o
                                         0x8c (size before relaxing)
 .eh_frame      0x0000000000118144       0xf8 binaries/rdsprocess.o
                                        0x110 (size before relaxing)
 .eh_frame      0x000000000011823c       0x7c binaries/rdsread.o
                                         0x94 (size before relaxing)
 .eh_frame      0x00000000001182b8       0x80 binaries/rdswrite.o
                                         0x98 (size before relaxing)
 .eh_frame      0x0000000000118338       0x14 binaries/ramclose.o
                                         0x2c (size before relaxing)
 .eh_frame      0x000000000011834c       0x2c binaries/raminit.o
                                         0x44 (size before relaxing)
 .eh_frame      0x0000000000118378       0x14 binaries/ramopen.o
                                         0x2c (size before relaxing)
 .eh_frame      0x000000000011838c       0x20 binaries/ramread.o
                                         0x38 (size before relaxing)
 .eh_frame      0x00000000001183ac       0x20 binaries/ramwrite.o
                                         0x38 (size before relaxing)
 .eh_frame      0x00000000001183cc       0x64 binaries/lfdballoc.o
                                         0x7c (size before relaxing)
 .eh_frame      0x0000000000118430       0x40 binaries/lfdbfree.o
                                         0x58 (size before relaxing)
 .eh_frame      0x0000000000118470       0x50 binaries/lfflush.o
                                         0x68 (size before relaxing)
 .eh_frame      0x00000000001184c0       0x14 binaries/lfgetmode.o
                                         0x2c (size before relaxing)
 .eh_frame      0x00000000001184d4       0x44 binaries/lfiballoc.o
                                         0x5c (size before relaxing)
 .eh_frame      0x0000000000118518       0x14 binaries/lfibclear.o
                                         0x2c (size before relaxing)
 .eh_frame      0x000000000011852c       0x4c binaries/lfibget.o
                                         0x64 (size before relaxing)
 .eh_frame      0x0000000000118578       0x68 binaries/lfibput.o
                                         0x80 (size before relaxing)
 .eh_frame      0x00000000001185e0       0x4c binaries/lflclose.o
                                         0x64 (size before relaxing)
 .eh_frame      0x000000000011862c       0x68 binaries/lflcontrol.o
                                         0x80 (size before relaxing)
 .eh_frame      0x0000000000118694       0x54 binaries/lflgetc.o
                                         0x6c (size before relaxing)
 .eh_frame      0x00000000001186e8       0x50 binaries/lflinit.o
                                         0x68 (size before relaxing)
 .eh_frame      0x0000000000118738       0x68 binaries/lflputc.o
                                         0x80 (size before relaxing)
 .eh_frame      0x00000000001187a0       0x44 binaries/lflread.o
                                         0x5c (size before relaxing)
 .eh_frame      0x00000000001187e4       0x50 binaries/lflseek.o
                                         0x68 (size before relaxing)
 .eh_frame      0x0000000000118834       0x48 binaries/lflwrite.o
                                         0x60 (size before relaxing)
 .eh_frame      0x000000000011887c       0xc8 binaries/lfsckfmt.o
                                         0xe0 (size before relaxing)
 .eh_frame      0x0000000000118944       0xd4 binaries/lfscreate.o
                                         0xec (size before relaxing)
 .eh_frame      0x0000000000118a18       0xbc binaries/lfsetup.o
[...]
 .comment       0x0000000000000034       0x35 binaries/xsh_memdump.o
 .comment       0x0000000000000034       0x35 binaries/xsh_memstat.o
 .comment       0x0000000000000034       0x35 binaries/xsh_ping.o
 .comment       0x0000000000000034       0x35 binaries/xsh_ps.o
 .comment       0x0000000000000034       0x35 binaries/xsh_sleep.o
 .comment       0x0000000000000034       0x35 binaries/xsh_udpdump.o
 .comment       0x0000000000000034       0x35 binaries/xsh_udpecho.o
 .comment       0x0000000000000034       0x35 binaries/xsh_udpeserver.o
 .comment       0x0000000000000034       0x35 binaries/xsh_uptime.o

.note.GNU-stack
                0x0000000000000000        0x0
 .note.GNU-stack
                0x0000000000000000        0x0 binaries/ascdate.o
 .note.GNU-stack
                0x0000000000000000        0x0 binaries/bufinit.o
 .note.GNU-stack
                0x0000000000000000        0x0 binaries/cbhandler.o
 .note.GNU-stack
                0x0000000000000000        0x0 binaries/child.o
 .note.GNU-stack
                0x0000000000000000        0x0 binaries/childcb.o
 .note.GNU-stack
                0x0000000000000000        0x0 binaries/childwait.o
 .note.GNU-stack
                0x0000000000000000        0x0 binaries/chprio.o
 .note.GNU-stack
                0x0000000000000000        0x0 binaries/clkhandler.o
 .note.GNU-stack
                0x0000000000000000        0x0 binaries/clkinit.o
 .note.GNU-stack
                0x0000000000000000        0x0 binaries/close.o
 .note.GNU-stack
                0x0000000000000000        0x0 binaries/conf.o
 .note.GNU-stack
                0x0000000000000000        0x0 binaries/control.o
 .note.GNU-stack
                0x0000000000000000        0x0 binaries/create.o
 .note.GNU-stack
                0x0000000000000000        0x0 binaries/early_imr.o
 .note.GNU-stack
                0x0000000000000000        0x0 binaries/evec.o
 .note.GNU-stack
                0x0000000000000000        0x0 binaries/freebuf.o
 .note.GNU-stack
                0x0000000000000000        0x0 binaries/freemem.o
 .note.GNU-stack
                0x0000000000000000        0x0 binaries/getbuf.o
 .note.GNU-stack
                0x0000000000000000        0x0 binaries/getcb.o
 .note.GNU-stack
                0x0000000000000000        0x0 binaries/getc.o
 .note.GNU-stack
                0x0000000000000000        0x0 binaries/getdev.o
 .note.GNU-stack
                0x0000000000000000        0x0 binaries/getinterrupts.o
 .note.GNU-stack
                0x0000000000000000        0x0 binaries/getitem.o
 .note.GNU-stack
                0x0000000000000000        0x0 binaries/getmem.o
 .note.GNU-stack
                0x0000000000000000        0x0 binaries/getpid.o
 .note.GNU-stack
                0x0000000000000000        0x0 binaries/getprio.o
 .note.GNU-stack
                0x0000000000000000        0x0 binaries/getsigqueue.o
 .note.GNU-stack
                0x0000000000000000        0x0 binaries/getstk.o
 .note.GNU-stack
                0x0000000000000000        0x0 binaries/gettime.o
 .note.GNU-stack
                0x0000000000000000        0x0 binaries/getutime.o
 .note.GNU-stack
                0x0000000000000000        0x0 binaries/init.o
 .note.GNU-stack
                0x0000000000000000        0x0 binaries/initialize.o
 .note.GNU-stack
                0x0000000000000000        0x0 binaries/insert.o
 .note.GNU-stack
                0x0000000000000000        0x0 binaries/insertd.o
 .note.GNU-stack
                0x0000000000000000        0x0 binaries/ioerr.o
 .note.GNU-stack
                0x0000000000000000        0x0 binaries/ionull.o
 .note.GNU-stack
                0x0000000000000000        0x0 binaries/kill.o
 .note.GNU-stack
                0x0000000000000000        0x0 binaries/kprintf.o
 .note.GNU-stack
                0x0000000000000000        0x0 binaries/main.o
 .note.GNU-stack
                0x0000000000000000        0x0 binaries/mark.o
 .note.GNU-stack
                0x0000000000000000        0x0 binaries/meminit.o
 .note.GNU-stack
                0x0000000000000000        0x0 binaries/mkbufpool.o
 .note.GNU-stack
                0x0000000000000000        0x0 binaries/mrecv_cb.o
 .note.GNU-stack
                0x0000000000000000        0x0 binaries/newqueue.o
 .note.GNU-stack
                0x0000000000000000        0x0 binaries/open.o
 .note.GNU-stack
                0x0000000000000000        0x0 binaries/panic.o
 .note.GNU-stack
                0x0000000000000000        0x0 binaries/parent.o
 .note.GNU-stack
                0x0000000000000000        0x0 binaries/pci.o
 .note.GNU-stack
                0x0000000000000000        0x0 binaries/platinit.o
 .note.GNU-stack
                0x0000000000000000        0x0 binaries/ptclear.o
 .note.GNU-stack
                0x0000000000000000        0x0 binaries/ptcount.o
 .note.GNU-stack
                0x0000000000000000        0x0 binaries/ptcreate.o
 .note.GNU-stack
                0x0000000000000000        0x0 binaries/ptdelete.o
 .note.GNU-stack
                0x0000000000000000        0x0 binaries/ptinit.o
 .note.GNU-stack
                0x0000000000000000        0x0 binaries/ptrecv.o
 .note.GNU-stack
                0x0000000000000000        0x0 binaries/ptreset.o
 .note.GNU-stack
                0x0000000000000000        0x0 binaries/ptsend.o
 .note.GNU-stack
                0x0000000000000000        0x0 binaries/putc.o
 .note.GNU-stack
                0x0000000000000000        0x0 binaries/quark_irq.o
 .note.GNU-stack
                0x0000000000000000        0x0 binaries/quark_pdat.o
 .note.GNU-stack
                0x0000000000000000        0x0 binaries/queue.o
 .note.GNU-stack
                0x0000000000000000        0x0 binaries/read.o
 .note.GNU-stack
                0x0000000000000000        0x0 binaries/ready.o
 .note.GNU-stack
                0x0000000000000000        0x0 binaries/receive.o
 .note.GNU-stack
                0x0000000000000000        0x0 binaries/receivemsg.o
 .note.GNU-stack
                0x0000000000000000        0x0 binaries/recvcb.o
 .note.GNU-stack
                0x0000000000000000        0x0 binaries/recvclr.o
 .note.GNU-stack
                0x0000000000000000        0x0 binaries/recvtime.o
 .note.GNU-stack
                0x0000000000000000        0x0 binaries/resched.o
 .note.GNU-stack
                0x0000000000000000        0x0 binaries/resume.o
 .note.GNU-stack
                0x0000000000000000        0x0 binaries/seek.o
 .note.GNU-stack
                0x0000000000000000        0x0 binaries/semcount.o
 .note.GNU-stack
                0x0000000000000000        0x0 binaries/semcreate.o
 .note.GNU-stack
                0x0000000000000000        0x0 binaries/semdelete.o
 .note.GNU-stack
                0x0000000000000000        0x0 binaries/semreset.o
 .note.GNU-stack
                0x0000000000000000        0x0 binaries/sendblk.o
 .note.GNU-stack
                0x0000000000000000        0x0 binaries/send.o
 .note.GNU-stack
                0x0000000000000000        0x0 binaries/sender.o
 .note.GNU-stack
                0x0000000000000000        0x0 binaries/sendmsg.o
 .note.GNU-stack
                0x0000000000000000        0x0 binaries/sigcbreg.o
 .note.GNU-stack
                0x0000000000000000        0x0 binaries/sigcbunreg.o
 .note.GNU-stack
                0x0000000000000000        0x0 binaries/signal.o
 .note.GNU-stack
                0x0000000000000000        0x0 binaries/signaln.o
 .note.GNU-stack
                0x0000000000000000        0x0 binaries/sleep.o
 .note.GNU-stack
                0x0000000000000000        0x0 binaries/suspend.o
 .note.GNU-stack
                0x0000000000000000        0x0 binaries/testpart3.o
 .note.GNU-stack
                0x0000000000000000        0x0 binaries/testpart4.o
 .note.GNU-stack
                0x0000000000000000        0x0 binaries/unsleep.o
 .note.GNU-stack
                0x0000000000000000        0x0 binaries/userret.o
 .note.GNU-stack
                0x0000000000000000        0x0 binaries/wait.o
 .note.GNU-stack
                0x0000000000000000        0x0 binaries/wakeup.o
 .note.GNU-stack
                0x0000000000000000        0x0 binaries/write.o
 .note.GNU-stack
                0x0000000000000000        0x0 binaries/xdone.o
 .note.GNU-stack
                0x0000000000000000        0x0 binaries/xtmcb.o
 .note.GNU-stack
                0x0000000000000000        0x0 binaries/yield.o
 .note.GNU-stack
                0x0000000000000000        0x0 binaries/abs.o
 .note.GNU-stack
                0x0000000000000000        0x0 binaries/atoi.o
 .note.GNU-stack
                0x0000000000000000        0x0 binaries/atol.o
 .note.GNU-stack
                0x0000000000000000        0x0 binaries/bzero.o
 .note.GNU-stack
                0x0000000000000000        0x0 binaries/ctype_.o
 .note.GNU-stack
                0x0000000000000000        0x0 binaries/doprnt.o
 .note.GNU-stack
                0x0000000000000000        0x0 binaries/doscan.o
 .note.GNU-stack
                0x0000000000000000        0x0 binaries/fdoprnt.o
 .note.GNU-stack
                0x0000000000000000        0x0 binaries/fgetc.o
 .note.GNU-stack
                0x0000000000000000        0x0 binaries/fgets.o
 .note.GNU-stack
                0x0000000000000000        0x0 binaries/fprintf.o
 .note.GNU-stack
                0x0000000000000000        0x0 binaries/fputc.o
 .note.GNU-stack
                0x0000000000000000        0x0 binaries/fputs.o
 .note.GNU-stack
                0x0000000000000000        0x0 binaries/fscanf.o
 .note.GNU-stack
                0x0000000000000000        0x0 binaries/getchar.o
 .note.GNU-stack
                0x0000000000000000        0x0 binaries/labs.o
 .note.GNU-stack
                0x0000000000000000        0x0 binaries/memchr.o
 .note.GNU-stack
                0x0000000000000000        0x0 binaries/memcmp.o
 .note.GNU-stack
                0x0000000000000000        0x0 binaries/memcpy.o
 .note.GNU-stack
                0x0000000000000000        0x0 binaries/memset.o
 .note.GNU-stack
                0x0000000000000000        0x0 binaries/printf.o
 .note.GNU-stack
                0x0000000000000000        0x0 binaries/putchar.o
 .note.GNU-stack
                0x0000000000000000        0x0 binaries/qsort.o
 .note.GNU-stack
                0x0000000000000000        0x0 binaries/rand.o
 .note.GNU-stack
                0x0000000000000000        0x0 binaries/sprintf.o
 .note.GNU-stack
                0x0000000000000000        0x0 binaries/sscanf.o
 .note.GNU-stack
                0x0000000000000000        0x0 binaries/strchr.o
 .note.GNU-stack
                0x0000000000000000        0x0 binaries/strcmp.o
 .note.GNU-stack
                0x0000000000000000        0x0 binaries/strcpy.o
 .note.GNU-stack
                0x0000000000000000        0x0 binaries/strlen.o
 .note.GNU-stack
                0x0000000000000000        0x0 binaries/strncat.o
 .note.GNU-stack
                0x0000000000000000        0x0 binaries/strncmp.o
 .note.GNU-stack
                0x0000000000000000        0x0 binaries/strncpy.o
 .note.GNU-stack
                0x0000000000000000        0x0 binaries/strnlen.o
 .note.GNU-stack
                0x0000000000000000        0x0 binaries/strrchr.o
 .note.GNU-stack
                0x0000000000000000        0x0 binaries/strstr.o
 .note.GNU-stack
                0x0000000000000000        0x0 binaries/ttycontrol.o
 .note.GNU-stack
                0x0000000000000000        0x0 binaries/ttygetc.o
 .note.GNU-stack
                0x0000000000000000        0x0 binaries/ttyhandle_in.o
 .note.GNU-stack
                0x0000000000000000        0x0 binaries/ttyhandle_out.o
 .note.GNU-stack
                0x0000000000000000        0x0 binaries/ttyhandler.o
 .note.GNU-stack
                0x0000000000000000        0x0 binaries/ttyinit.o
 .note.GNU-stack
                0x0000000000000000        0x0 binaries/ttykickout.o
 .note.GNU-stack
                0x0000000000000000        0x0 binaries/ttyputc.o
 .note.GNU-stack
                0x0000000000000000        0x0 binaries/ttyread.o
 .note.GNU-stack
                0x0000000000000000        0x0 binaries/ttywrite.o
 .note.GNU-stack
                0x0000000000000000        0x0 binaries/mount.o
 .note.GNU-stack
                0x0000000000000000        0x0 binaries/naminit.o
 .note.GNU-stack
                0x0000000000000000        0x0 binaries/nammap.o
 .note.GNU-stack
                0x0000000000000000        0x0 binaries/namopen.o
 .note.GNU-stack
                0x0000000000000000        0x0 binaries/colon2mac.o
 .note.GNU-stack
                0x0000000000000000        0x0 binaries/ethcontrol.o
 .note.GNU-stack
                0x0000000000000000        0x0 binaries/ethhandler.o
 .note.GNU-stack
                0x0000000000000000        0x0 binaries/ethinit.o
 .note.GNU-stack
                0x0000000000000000        0x0 binaries/ethmcast.o
 .note.GNU-stack
                0x0000000000000000        0x0 binaries/ethread.o
 .note.GNU-stack
                0x0000000000000000        0x0 binaries/ethwrite.o
 .note.GNU-stack
                0x0000000000000000        0x0 binaries/rdsbufalloc.o
 .note.GNU-stack
                0x0000000000000000        0x0 binaries/rdsclose.o
 .note.GNU-stack
                0x0000000000000000        0x0 binaries/rdscomm.o
 .note.GNU-stack
                0x0000000000000000        0x0 binaries/rdscontrol.o
 .note.GNU-stack
                0x0000000000000000        0x0 binaries/rdsinit.o
 .note.GNU-stack
                0x0000000000000000        0x0 binaries/rdsopen.o
 .note.GNU-stack
                0x0000000000000000        0x0 binaries/rdsprocess.o
 .note.GNU-stack
                0x0000000000000000        0x0 binaries/rdsread.o
 .note.GNU-stack
                0x0000000000000000        0x0 binaries/rdswrite.o
 .note.GNU-stack
                0x0000000000000000        0x0 binaries/ramclose.o
 .note.GNU-stack
                0x0000000000000000        0x0 binaries/raminit.o
 .note.GNU-stack
                0x0000000000000000        0x0 binaries/ramopen.o
 .note.GNU-stack
                0x0000000000000000        0x0 binaries/ramread.o
 .note.GNU-stack
                0x0000000000000000        0x0 binaries/ramwrite.o
 .note.GNU-stack
                0x0000000000000000        0x0 binaries/lfdballoc.o
 .note.GNU-stack
                0x0000000000000000        0x0 binaries/lfdbfree.o
 .note.GNU-stack
                0x0000000000000000        0x0 binaries/lfflush.o
 .note.GNU-stack
                0x0000000000000000        0x0 binaries/lfgetmode.o
 .note.GNU-stack
                0x0000000000000000        0x0 binaries/lfiballoc.o
 .note.GNU-stack
                0x0000000000000000        0x0 binaries/lfibclear.o
 .note.GNU-stack
                0x0000000000000000        0x0 binaries/lfibget.o
 .note.GNU-stack
                0x0000000000000000        0x0 binaries/lfibput.o
 .note.GNU-stack
                0x0000000000000000        0x0 binaries/lflclose.o
 .note.GNU-stack
                0x0000000000000000        0x0 binaries/lflcontrol.o
 .note.GNU-stack
                0x0000000000000000        0x0 binaries/lflgetc.o
 .note.GNU-stack
                0x0000000000000000        0x0 binaries/lflinit.o
 .note.GNU-stack
                0x0000000000000000        0x0 binaries/lflputc.o
 .note.GNU-stack
                0x0000000000000000        0x0 binaries/lflread.o
 .note.GNU-stack
                0x0000000000000000        0x0 binaries/lflseek.o
 .note.GNU-stack
                0x0000000000000000        0x0 binaries/lflwrite.o
 .note.GNU-stack
                0x0000000000000000        0x0 binaries/lfsckfmt.o
 .note.GNU-stack
                0x0000000000000000        0x0 binaries/lfscreate.o
 .note.GNU-stack
                0x0000000000000000        0x0 binaries/lfsetup.o
 .note.GNU-stack
                0x0000000000000000        0x0 binaries/lfsinit.o
 .note.GNU-stack
                0x0000000000000000        0x0 binaries/lfsopen.o
 .note.GNU-stack
                0x0000000000000000        0x0 binaries/lftruncate.o
 .note.GNU-stack
                0x0000000000000000        0x0 binaries/rflclose.o
 .note.GNU-stack
                0x0000000000000000        0x0 binaries/rflgetc.o
 .note.GNU-stack
                0x0000000000000000        0x0 binaries/rflinit.o
 .note.GNU-stack
                0x0000000000000000        0x0 binaries/rflputc.o
 .note.GNU-stack
                0x0000000000000000        0x0 binaries/rflread.o
 .note.GNU-stack
                0x0000000000000000        0x0 binaries/rflseek.o
 .note.GNU-stack
                0x0000000000000000        0x0 binaries/rflwrite.o
 .note.GNU-stack
                0x0000000000000000        0x0 binaries/rfscomm.o
 .note.GNU-stack
                0x0000000000000000        0x0 binaries/rfscontrol.o
 .note.GNU-stack
                0x0000000000000000        0x0 binaries/rfsgetmode.o
 .note.GNU-stack
                0x0000000000000000        0x0 binaries/rfsinit.o
 .note.GNU-stack
                0x0000000000000000        0x0 binaries/rfsndmsg.o
 .note.GNU-stack
                0x0000000000000000        0x0 binaries/rfsopen.o
 .note.GNU-stack
                0x0000000000000000        0x0 binaries/arp.o
 .note.GNU-stack
                0x0000000000000000        0x0 binaries/dhcp.o
 .note.GNU-stack
                0x0000000000000000        0x0 binaries/dot2ip.o
 .note.GNU-stack
                0x0000000000000000        0x0 binaries/hexdump.o
 .note.GNU-stack
                0x0000000000000000        0x0 binaries/icmp.o
 .note.GNU-stack
                0x0000000000000000        0x0 binaries/ip.o
 .note.GNU-stack
                0x0000000000000000        0x0 binaries/net.o
 .note.GNU-stack
                0x0000000000000000        0x0 binaries/netstart.o
 .note.GNU-stack
                0x0000000000000000        0x0 binaries/pdump.o
 .note.GNU-stack
                0x0000000000000000        0x0 binaries/tftp.o
 .note.GNU-stack
                0x0000000000000000        0x0 binaries/udp.o
 .note.GNU-stack
                0x0000000000000000        0x0 binaries/addargs.o
 .note.GNU-stack
                0x0000000000000000        0x0 binaries/lexan.o
 .note.GNU-stack
                0x0000000000000000        0x0 binaries/shell.o
 .note.GNU-stack
                0x0000000000000000        0x0 binaries/xsh_argecho.o
 .note.GNU-stack
                0x0000000000000000        0x0 binaries/xsh_arp.o
 .note.GNU-stack
                0x0000000000000000        0x0 binaries/xsh_cat.o
 .note.GNU-stack
                0x0000000000000000        0x0 binaries/xsh_clear.o
 .note.GNU-stack
                0x0000000000000000        0x0 binaries/xsh_date.o
 .note.GNU-stack
                0x0000000000000000        0x0 binaries/xsh_devdump.o
 .note.GNU-stack
                0x0000000000000000        0x0 binaries/xsh_echo.o
 .note.GNU-stack
                0x0000000000000000        0x0 binaries/xsh_exit.o
 .note.GNU-stack
                0x0000000000000000        0x0 binaries/xsh_help.o
 .note.GNU-stack
                0x0000000000000000        0x0 binaries/xsh_ipaddr.o
 .note.GNU-stack
                0x0000000000000000        0x0 binaries/xsh_kill.o
 .note.GNU-stack
                0x0000000000000000        0x0 binaries/xsh_memdump.o
 .note.GNU-stack
                0x0000000000000000        0x0 binaries/xsh_memstat.o
 .note.GNU-stack
                0x0000000000000000        0x0 binaries/xsh_ping.o
 .note.GNU-stack
                0x0000000000000000        0x0 binaries/xsh_ps.o
 .note.GNU-stack
                0x0000000000000000        0x0 binaries/xsh_sleep.o
 .note.GNU-stack
                0x0000000000000000        0x0 binaries/xsh_udpdump.o
 .note.GNU-stack
                0x0000000000000000        0x0 binaries/xsh_udpecho.o
 .note.GNU-stack
                0x0000000000000000        0x0 binaries/xsh_udpeserver.o
 .note.GNU-stack
                0x0000000000000000        0x0 binaries/xsh_uptime.o
